Archive member included because of file (symbol)

d:/iti/tools/imt_sdk/imt_sdk_win_64/winavr/bin/../lib/gcc/avr/4.3.3/avr5\libgcc.a(_mulsi3.o)
                              ./FreeRTOS/Src/integer.o (__mulsi3)
d:/iti/tools/imt_sdk/imt_sdk_win_64/winavr/bin/../lib/gcc/avr/4.3.3/avr5\libgcc.a(_udivmodsi4.o)
                              ./Drivers/src/TWI.o (__udivmodsi4)
d:/iti/tools/imt_sdk/imt_sdk_win_64/winavr/bin/../lib/gcc/avr/4.3.3/avr5\libgcc.a(_divmodsi4.o)
                              ./FreeRTOS/Src/integer.o (__divmodsi4)
d:/iti/tools/imt_sdk/imt_sdk_win_64/winavr/bin/../lib/gcc/avr/4.3.3/avr5\libgcc.a(_exit.o)
                              d:/iti/tools/imt_sdk/imt_sdk_win_64/winavr/bin/../lib/gcc/avr/4.3.3/../../../../avr/lib/avr5/crtm32.o (exit)
d:/iti/tools/imt_sdk/imt_sdk_win_64/winavr/bin/../lib/gcc/avr/4.3.3/avr5\libgcc.a(_copy_data.o)
                              ./FreeRTOS/Src/PollQ.o (__do_copy_data)
d:/iti/tools/imt_sdk/imt_sdk_win_64/winavr/bin/../lib/gcc/avr/4.3.3/avr5\libgcc.a(_clear_bss.o)
                              ./FreeRTOS/Src/PollQ.o (__do_clear_bss)
d:/iti/tools/imt_sdk/imt_sdk_win_64/winavr/bin/../lib/gcc/avr/4.3.3/avr5\libgcc.a(_fixunssfsi.o)
                              ./Drivers/src/LCD.o (__fixunssfsi)
d:/iti/tools/imt_sdk/imt_sdk_win_64/winavr/bin/../lib/gcc/avr/4.3.3/avr5\libgcc.a(_addsub_sf.o)
                              d:/iti/tools/imt_sdk/imt_sdk_win_64/winavr/bin/../lib/gcc/avr/4.3.3/avr5\libgcc.a(_fixunssfsi.o) (__subsf3)
d:/iti/tools/imt_sdk/imt_sdk_win_64/winavr/bin/../lib/gcc/avr/4.3.3/avr5\libgcc.a(_mul_sf.o)
                              ./Drivers/src/LCD.o (__mulsf3)
d:/iti/tools/imt_sdk/imt_sdk_win_64/winavr/bin/../lib/gcc/avr/4.3.3/avr5\libgcc.a(_div_sf.o)
                              ./Drivers/src/LCD.o (__divsf3)
d:/iti/tools/imt_sdk/imt_sdk_win_64/winavr/bin/../lib/gcc/avr/4.3.3/avr5\libgcc.a(_gt_sf.o)
                              ./Drivers/src/LCD.o (__gtsf2)
d:/iti/tools/imt_sdk/imt_sdk_win_64/winavr/bin/../lib/gcc/avr/4.3.3/avr5\libgcc.a(_ge_sf.o)
                              ./Drivers/src/timer.o (__gesf2)
d:/iti/tools/imt_sdk/imt_sdk_win_64/winavr/bin/../lib/gcc/avr/4.3.3/avr5\libgcc.a(_lt_sf.o)
                              ./Drivers/src/LCD.o (__ltsf2)
d:/iti/tools/imt_sdk/imt_sdk_win_64/winavr/bin/../lib/gcc/avr/4.3.3/avr5\libgcc.a(_le_sf.o)
                              ./Drivers/src/timer.o (__lesf2)
d:/iti/tools/imt_sdk/imt_sdk_win_64/winavr/bin/../lib/gcc/avr/4.3.3/avr5\libgcc.a(_si_to_sf.o)
                              ./Drivers/src/timer.o (__floatsisf)
d:/iti/tools/imt_sdk/imt_sdk_win_64/winavr/bin/../lib/gcc/avr/4.3.3/avr5\libgcc.a(_sf_to_si.o)
                              d:/iti/tools/imt_sdk/imt_sdk_win_64/winavr/bin/../lib/gcc/avr/4.3.3/avr5\libgcc.a(_fixunssfsi.o) (__fixsfsi)
d:/iti/tools/imt_sdk/imt_sdk_win_64/winavr/bin/../lib/gcc/avr/4.3.3/avr5\libgcc.a(_thenan_sf.o)
                              d:/iti/tools/imt_sdk/imt_sdk_win_64/winavr/bin/../lib/gcc/avr/4.3.3/avr5\libgcc.a(_addsub_sf.o) (__thenan_sf)
d:/iti/tools/imt_sdk/imt_sdk_win_64/winavr/bin/../lib/gcc/avr/4.3.3/avr5\libgcc.a(_prologue.o)
                              d:/iti/tools/imt_sdk/imt_sdk_win_64/winavr/bin/../lib/gcc/avr/4.3.3/avr5\libgcc.a(_addsub_sf.o) (__prologue_saves__)
d:/iti/tools/imt_sdk/imt_sdk_win_64/winavr/bin/../lib/gcc/avr/4.3.3/avr5\libgcc.a(_epilogue.o)
                              d:/iti/tools/imt_sdk/imt_sdk_win_64/winavr/bin/../lib/gcc/avr/4.3.3/avr5\libgcc.a(_addsub_sf.o) (__epilogue_restores__)
d:/iti/tools/imt_sdk/imt_sdk_win_64/winavr/bin/../lib/gcc/avr/4.3.3/avr5\libgcc.a(_clzsi2.o)
                              d:/iti/tools/imt_sdk/imt_sdk_win_64/winavr/bin/../lib/gcc/avr/4.3.3/avr5\libgcc.a(_si_to_sf.o) (__clzsi2)
d:/iti/tools/imt_sdk/imt_sdk_win_64/winavr/bin/../lib/gcc/avr/4.3.3/avr5\libgcc.a(_pack_sf.o)
                              d:/iti/tools/imt_sdk/imt_sdk_win_64/winavr/bin/../lib/gcc/avr/4.3.3/avr5\libgcc.a(_addsub_sf.o) (__pack_f)
d:/iti/tools/imt_sdk/imt_sdk_win_64/winavr/bin/../lib/gcc/avr/4.3.3/avr5\libgcc.a(_unpack_sf.o)
                              d:/iti/tools/imt_sdk/imt_sdk_win_64/winavr/bin/../lib/gcc/avr/4.3.3/avr5\libgcc.a(_addsub_sf.o) (__unpack_f)
d:/iti/tools/imt_sdk/imt_sdk_win_64/winavr/bin/../lib/gcc/avr/4.3.3/avr5\libgcc.a(_fpcmp_parts_sf.o)
                              d:/iti/tools/imt_sdk/imt_sdk_win_64/winavr/bin/../lib/gcc/avr/4.3.3/avr5\libgcc.a(_gt_sf.o) (__fpcmp_parts_f)
d:/iti/tools/imt_sdk/imt_sdk_win_64/winavr/bin/../lib/gcc/avr/4.3.3/avr5\libgcc.a(_clz.o)
                              d:/iti/tools/imt_sdk/imt_sdk_win_64/winavr/bin/../lib/gcc/avr/4.3.3/avr5\libgcc.a(_clzsi2.o) (__clz_tab)
d:/iti/tools/imt_sdk/imt_sdk_win_64/winavr/bin/../lib/gcc/avr/4.3.3/../../../../avr/lib/avr5\libc.a(memcpy.o)
                              ./FreeRTOS/Src/queue.o (memcpy)
d:/iti/tools/imt_sdk/imt_sdk_win_64/winavr/bin/../lib/gcc/avr/4.3.3/../../../../avr/lib/avr5\libc.a(itoa.o)
                              ./Drivers/src/LCD.o (itoa)
d:/iti/tools/imt_sdk/imt_sdk_win_64/winavr/bin/../lib/gcc/avr/4.3.3/../../../../avr/lib/avr5\libc.a(strrev.o)
                              d:/iti/tools/imt_sdk/imt_sdk_win_64/winavr/bin/../lib/gcc/avr/4.3.3/../../../../avr/lib/avr5\libc.a(itoa.o) (strrev)
d:/iti/tools/imt_sdk/imt_sdk_win_64/winavr/bin/../lib/gcc/avr/4.3.3/avr5\libgcc.a(_udivmodhi4.o)
                              d:/iti/tools/imt_sdk/imt_sdk_win_64/winavr/bin/../lib/gcc/avr/4.3.3/../../../../avr/lib/avr5\libc.a(itoa.o) (__udivmodhi4)

Allocating common symbols
Common symbol       size              file

callbacks           0x6               ./Drivers/src/Ext_int.o
notifier            0x2               ./Drivers/src/timer.o

Memory Configuration

Name             Origin             Length             Attributes
text             0x00000000         0x00020000         xr
data             0x00800060         0x0000ffa0         rw !x
eeprom           0x00810000         0x00010000         rw !x
fuse             0x00820000         0x00000400         rw !x
lock             0x00830000         0x00000400         rw !x
signature        0x00840000         0x00000400         rw !x
*default*        0x00000000         0xffffffff

Linker script and memory map

LOAD d:/iti/tools/imt_sdk/imt_sdk_win_64/winavr/bin/../lib/gcc/avr/4.3.3/../../../../avr/lib/avr5/crtm32.o
LOAD ./FreeRTOS/Src/PollQ.o
LOAD ./FreeRTOS/Src/croutine.o
LOAD ./FreeRTOS/Src/event_groups.o
LOAD ./FreeRTOS/Src/heap_1.o
LOAD ./FreeRTOS/Src/integer.o
LOAD ./FreeRTOS/Src/list.o
LOAD ./FreeRTOS/Src/port.o
LOAD ./FreeRTOS/Src/queue.o
LOAD ./FreeRTOS/Src/tasks.o
LOAD ./Drivers/src/ADC.o
LOAD ./Drivers/src/BasicIO.o
LOAD ./Drivers/src/Ext_int.o
LOAD ./Drivers/src/LCD.o
LOAD ./Drivers/src/SPI.o
LOAD ./Drivers/src/TWI.o
LOAD ./Drivers/src/keypad.o
LOAD ./Drivers/src/seg.o
LOAD ./Drivers/src/timer.o
LOAD ./Drivers/src/uart.o
LOAD ./App/app.o
LOAD d:/iti/tools/imt_sdk/imt_sdk_win_64/winavr/bin/../lib/gcc/avr/4.3.3/avr5\libgcc.a
LOAD d:/iti/tools/imt_sdk/imt_sdk_win_64/winavr/bin/../lib/gcc/avr/4.3.3/../../../../avr/lib/avr5\libc.a
LOAD d:/iti/tools/imt_sdk/imt_sdk_win_64/winavr/bin/../lib/gcc/avr/4.3.3/avr5\libgcc.a

.hash
 *(.hash)

.dynsym
 *(.dynsym)

.dynstr
 *(.dynstr)

.gnu.version
 *(.gnu.version)

.gnu.version_d
 *(.gnu.version_d)

.gnu.version_r
 *(.gnu.version_r)

.rel.init
 *(.rel.init)

.rela.init
 *(.rela.init)

.rel.text
 *(.rel.text)
 *(.rel.text.*)
 *(.rel.gnu.linkonce.t*)

.rela.text
 *(.rela.text)
 *(.rela.text.*)
 *(.rela.gnu.linkonce.t*)

.rel.fini
 *(.rel.fini)

.rela.fini
 *(.rela.fini)

.rel.rodata
 *(.rel.rodata)
 *(.rel.rodata.*)
 *(.rel.gnu.linkonce.r*)

.rela.rodata
 *(.rela.rodata)
 *(.rela.rodata.*)
 *(.rela.gnu.linkonce.r*)

.rel.data
 *(.rel.data)
 *(.rel.data.*)
 *(.rel.gnu.linkonce.d*)

.rela.data
 *(.rela.data)
 *(.rela.data.*)
 *(.rela.gnu.linkonce.d*)

.rel.ctors
 *(.rel.ctors)

.rela.ctors
 *(.rela.ctors)

.rel.dtors
 *(.rel.dtors)

.rela.dtors
 *(.rela.dtors)

.rel.got
 *(.rel.got)

.rela.got
 *(.rela.got)

.rel.bss
 *(.rel.bss)

.rela.bss
 *(.rela.bss)

.rel.plt
 *(.rel.plt)

.rela.plt
 *(.rela.plt)

.text           0x00000000     0x6e66
 *(.vectors)
 .vectors       0x00000000       0x54 d:/iti/tools/imt_sdk/imt_sdk_win_64/winavr/bin/../lib/gcc/avr/4.3.3/../../../../avr/lib/avr5/crtm32.o
                0x00000000                __vectors
                0x00000000                __vector_default
 *(.vectors)
 *(.progmem.gcc*)
 *(.progmem*)
                0x00000054                . = ALIGN (0x2)
                0x00000054                __trampolines_start = .
 *(.trampolines)
 .trampolines   0x00000054        0x0 linker stubs
 *(.trampolines*)
                0x00000054                __trampolines_end = .
 *(.jumptables)
 *(.jumptables*)
 *(.lowtext)
 *(.lowtext*)
                0x00000054                __ctors_start = .
 *(.ctors)
                0x00000054                __ctors_end = .
                0x00000054                __dtors_start = .
 *(.dtors)
                0x00000054                __dtors_end = .
 SORT(*)(.ctors)
 SORT(*)(.dtors)
 *(.init0)
 .init0         0x00000054        0x0 d:/iti/tools/imt_sdk/imt_sdk_win_64/winavr/bin/../lib/gcc/avr/4.3.3/../../../../avr/lib/avr5/crtm32.o
                0x00000054                __init
 *(.init0)
 *(.init1)
 *(.init1)
 *(.init2)
 .init2         0x00000054        0xc d:/iti/tools/imt_sdk/imt_sdk_win_64/winavr/bin/../lib/gcc/avr/4.3.3/../../../../avr/lib/avr5/crtm32.o
 *(.init2)
 *(.init3)
 *(.init3)
 *(.init4)
 .init4         0x00000060       0x16 d:/iti/tools/imt_sdk/imt_sdk_win_64/winavr/bin/../lib/gcc/avr/4.3.3/avr5\libgcc.a(_copy_data.o)
                0x00000060                __do_copy_data
 .init4         0x00000076       0x10 d:/iti/tools/imt_sdk/imt_sdk_win_64/winavr/bin/../lib/gcc/avr/4.3.3/avr5\libgcc.a(_clear_bss.o)
                0x00000076                __do_clear_bss
 *(.init4)
 *(.init5)
 *(.init5)
 *(.init6)
 *(.init6)
 *(.init7)
 *(.init7)
 *(.init8)
 *(.init8)
 *(.init9)
 .init9         0x00000086        0x8 d:/iti/tools/imt_sdk/imt_sdk_win_64/winavr/bin/../lib/gcc/avr/4.3.3/../../../../avr/lib/avr5/crtm32.o
 *(.init9)
 *(.text)
 .text          0x0000008e        0x4 d:/iti/tools/imt_sdk/imt_sdk_win_64/winavr/bin/../lib/gcc/avr/4.3.3/../../../../avr/lib/avr5/crtm32.o
                0x0000008e                __vector_12
                0x0000008e                __bad_interrupt
                0x0000008e                __vector_6
                0x0000008e                __vector_17
                0x0000008e                __vector_19
                0x0000008e                __vector_5
                0x0000008e                __vector_4
                0x0000008e                __vector_9
                0x0000008e                __vector_15
                0x0000008e                __vector_8
                0x0000008e                __vector_14
                0x0000008e                __vector_10
                0x0000008e                __vector_16
                0x0000008e                __vector_18
                0x0000008e                __vector_20
 .text          0x00000092        0x0 ./FreeRTOS/Src/PollQ.o
 .text          0x00000092        0x0 ./FreeRTOS/Src/croutine.o
 .text          0x00000092        0x0 ./FreeRTOS/Src/event_groups.o
 .text          0x00000092        0x0 ./FreeRTOS/Src/heap_1.o
 .text          0x00000092        0x0 ./FreeRTOS/Src/integer.o
 .text          0x00000092        0x0 ./FreeRTOS/Src/list.o
 .text          0x00000092        0x0 ./FreeRTOS/Src/port.o
 .text          0x00000092        0x0 ./FreeRTOS/Src/queue.o
 .text          0x00000092        0x0 ./FreeRTOS/Src/tasks.o
 .text          0x00000092        0x0 ./Drivers/src/ADC.o
 .text          0x00000092        0x0 ./Drivers/src/BasicIO.o
 .text          0x00000092        0x0 ./Drivers/src/Ext_int.o
 .text          0x00000092        0x0 ./Drivers/src/LCD.o
 .text          0x00000092        0x0 ./Drivers/src/SPI.o
 .text          0x00000092        0x0 ./Drivers/src/TWI.o
 .text          0x00000092        0x0 ./Drivers/src/keypad.o
 .text          0x00000092        0x0 ./Drivers/src/seg.o
 .text          0x00000092        0x0 ./Drivers/src/timer.o
 .text          0x00000092        0x0 ./Drivers/src/uart.o
 .text          0x00000092        0x0 ./App/app.o
 .text          0x00000092        0x0 d:/iti/tools/imt_sdk/imt_sdk_win_64/winavr/bin/../lib/gcc/avr/4.3.3/avr5\libgcc.a(_mulsi3.o)
 .text          0x00000092        0x0 d:/iti/tools/imt_sdk/imt_sdk_win_64/winavr/bin/../lib/gcc/avr/4.3.3/avr5\libgcc.a(_udivmodsi4.o)
 .text          0x00000092        0x0 d:/iti/tools/imt_sdk/imt_sdk_win_64/winavr/bin/../lib/gcc/avr/4.3.3/avr5\libgcc.a(_divmodsi4.o)
 .text          0x00000092        0x0 d:/iti/tools/imt_sdk/imt_sdk_win_64/winavr/bin/../lib/gcc/avr/4.3.3/avr5\libgcc.a(_exit.o)
 .text          0x00000092        0x0 d:/iti/tools/imt_sdk/imt_sdk_win_64/winavr/bin/../lib/gcc/avr/4.3.3/avr5\libgcc.a(_copy_data.o)
 .text          0x00000092        0x0 d:/iti/tools/imt_sdk/imt_sdk_win_64/winavr/bin/../lib/gcc/avr/4.3.3/avr5\libgcc.a(_clear_bss.o)
 .text          0x00000092       0x58 d:/iti/tools/imt_sdk/imt_sdk_win_64/winavr/bin/../lib/gcc/avr/4.3.3/avr5\libgcc.a(_fixunssfsi.o)
                0x00000092                __fixunssfsi
 .text          0x000000ea      0x354 d:/iti/tools/imt_sdk/imt_sdk_win_64/winavr/bin/../lib/gcc/avr/4.3.3/avr5\libgcc.a(_addsub_sf.o)
                0x00000382                __subsf3
                0x000003e4                __addsf3
 .text          0x0000043e      0x1f4 d:/iti/tools/imt_sdk/imt_sdk_win_64/winavr/bin/../lib/gcc/avr/4.3.3/avr5\libgcc.a(_mul_sf.o)
                0x0000043e                __mulsf3
 .text          0x00000632      0x158 d:/iti/tools/imt_sdk/imt_sdk_win_64/winavr/bin/../lib/gcc/avr/4.3.3/avr5\libgcc.a(_div_sf.o)
                0x00000632                __divsf3
 .text          0x0000078a       0x60 d:/iti/tools/imt_sdk/imt_sdk_win_64/winavr/bin/../lib/gcc/avr/4.3.3/avr5\libgcc.a(_gt_sf.o)
                0x0000078a                __gtsf2
 .text          0x000007ea       0x60 d:/iti/tools/imt_sdk/imt_sdk_win_64/winavr/bin/../lib/gcc/avr/4.3.3/avr5\libgcc.a(_ge_sf.o)
                0x000007ea                __gesf2
 .text          0x0000084a       0x60 d:/iti/tools/imt_sdk/imt_sdk_win_64/winavr/bin/../lib/gcc/avr/4.3.3/avr5\libgcc.a(_lt_sf.o)
                0x0000084a                __ltsf2
 .text          0x000008aa       0x60 d:/iti/tools/imt_sdk/imt_sdk_win_64/winavr/bin/../lib/gcc/avr/4.3.3/avr5\libgcc.a(_le_sf.o)
                0x000008aa                __lesf2
 .text          0x0000090a       0xbc d:/iti/tools/imt_sdk/imt_sdk_win_64/winavr/bin/../lib/gcc/avr/4.3.3/avr5\libgcc.a(_si_to_sf.o)
                0x0000090a                __floatsisf
 .text          0x000009c6       0xa8 d:/iti/tools/imt_sdk/imt_sdk_win_64/winavr/bin/../lib/gcc/avr/4.3.3/avr5\libgcc.a(_sf_to_si.o)
                0x000009c6                __fixsfsi
 .text          0x00000a6e        0x0 d:/iti/tools/imt_sdk/imt_sdk_win_64/winavr/bin/../lib/gcc/avr/4.3.3/avr5\libgcc.a(_thenan_sf.o)
 .text          0x00000a6e        0x0 d:/iti/tools/imt_sdk/imt_sdk_win_64/winavr/bin/../lib/gcc/avr/4.3.3/avr5\libgcc.a(_prologue.o)
 .text          0x00000a6e        0x0 d:/iti/tools/imt_sdk/imt_sdk_win_64/winavr/bin/../lib/gcc/avr/4.3.3/avr5\libgcc.a(_epilogue.o)
 .text          0x00000a6e       0x9e d:/iti/tools/imt_sdk/imt_sdk_win_64/winavr/bin/../lib/gcc/avr/4.3.3/avr5\libgcc.a(_clzsi2.o)
                0x00000a6e                __clzsi2
 .text          0x00000b0c      0x1aa d:/iti/tools/imt_sdk/imt_sdk_win_64/winavr/bin/../lib/gcc/avr/4.3.3/avr5\libgcc.a(_pack_sf.o)
                0x00000b0c                __pack_f
 .text          0x00000cb6       0xf0 d:/iti/tools/imt_sdk/imt_sdk_win_64/winavr/bin/../lib/gcc/avr/4.3.3/avr5\libgcc.a(_unpack_sf.o)
                0x00000cb6                __unpack_f
 .text          0x00000da6       0xb2 d:/iti/tools/imt_sdk/imt_sdk_win_64/winavr/bin/../lib/gcc/avr/4.3.3/avr5\libgcc.a(_fpcmp_parts_sf.o)
                0x00000da6                __fpcmp_parts_f
 .text          0x00000e58        0x0 d:/iti/tools/imt_sdk/imt_sdk_win_64/winavr/bin/../lib/gcc/avr/4.3.3/avr5\libgcc.a(_clz.o)
 .text          0x00000e58        0x0 d:/iti/tools/imt_sdk/imt_sdk_win_64/winavr/bin/../lib/gcc/avr/4.3.3/../../../../avr/lib/avr5\libc.a(memcpy.o)
 .text          0x00000e58        0x0 d:/iti/tools/imt_sdk/imt_sdk_win_64/winavr/bin/../lib/gcc/avr/4.3.3/../../../../avr/lib/avr5\libc.a(itoa.o)
 .text          0x00000e58        0x0 d:/iti/tools/imt_sdk/imt_sdk_win_64/winavr/bin/../lib/gcc/avr/4.3.3/../../../../avr/lib/avr5\libc.a(strrev.o)
 .text          0x00000e58        0x0 d:/iti/tools/imt_sdk/imt_sdk_win_64/winavr/bin/../lib/gcc/avr/4.3.3/avr5\libgcc.a(_udivmodhi4.o)
                0x00000e58                . = ALIGN (0x2)
 *(.text.*)
 .text.vStartPolledQueueTasks
                0x00000e58       0x8e ./FreeRTOS/Src/PollQ.o
                0x00000e58                vStartPolledQueueTasks
 .text.vPolledQueueProducer
                0x00000ee6       0x7a ./FreeRTOS/Src/PollQ.o
 .text.vPolledQueueConsumer
                0x00000f60       0x98 ./FreeRTOS/Src/PollQ.o
 .text.xArePollingQueuesStillRunning
                0x00000ff8       0x34 ./FreeRTOS/Src/PollQ.o
                0x00000ff8                xArePollingQueuesStillRunning
 .text.xCoRoutineCreate
                0x0000102c      0x128 ./FreeRTOS/Src/croutine.o
                0x0000102c                xCoRoutineCreate
 .text.vCoRoutineAddToDelayedList
                0x00001154       0xc2 ./FreeRTOS/Src/croutine.o
                0x00001154                vCoRoutineAddToDelayedList
 .text.prvCheckPendingReadyList
                0x00001216       0x94 ./FreeRTOS/Src/croutine.o
 .text.prvCheckDelayedList
                0x000012aa      0x15c ./FreeRTOS/Src/croutine.o
 .text.vCoRoutineSchedule
                0x00001406       0xf4 ./FreeRTOS/Src/croutine.o
                0x00001406                vCoRoutineSchedule
 .text.prvInitialiseCoRoutineLists
                0x000014fa       0x72 ./FreeRTOS/Src/croutine.o
 .text.xCoRoutineRemoveFromEventList
                0x0000156c       0x70 ./FreeRTOS/Src/croutine.o
                0x0000156c                xCoRoutineRemoveFromEventList
 .text.xEventGroupCreate
                0x000015dc       0x3e ./FreeRTOS/Src/event_groups.o
                0x000015dc                xEventGroupCreate
 .text.xEventGroupSync
                0x0000161a      0x16e ./FreeRTOS/Src/event_groups.o
                0x0000161a                xEventGroupSync
 .text.xEventGroupWaitBits
                0x00001788      0x186 ./FreeRTOS/Src/event_groups.o
                0x00001788                xEventGroupWaitBits
 .text.xEventGroupClearBits
                0x0000190e       0x6c ./FreeRTOS/Src/event_groups.o
                0x0000190e                xEventGroupClearBits
 .text.xEventGroupGetBitsFromISR
                0x0000197a       0x44 ./FreeRTOS/Src/event_groups.o
                0x0000197a                xEventGroupGetBitsFromISR
 .text.xEventGroupSetBits
                0x000019be      0x164 ./FreeRTOS/Src/event_groups.o
                0x000019be                xEventGroupSetBits
 .text.vEventGroupDelete
                0x00001b22       0x62 ./FreeRTOS/Src/event_groups.o
                0x00001b22                vEventGroupDelete
 .text.vEventGroupSetBitsCallback
                0x00001b84       0x3a ./FreeRTOS/Src/event_groups.o
                0x00001b84                vEventGroupSetBitsCallback
 .text.vEventGroupClearBitsCallback
                0x00001bbe       0x3a ./FreeRTOS/Src/event_groups.o
                0x00001bbe                vEventGroupClearBitsCallback
 .text.prvTestWaitCondition
                0x00001bf8       0x64 ./FreeRTOS/Src/event_groups.o
 .text.pvPortMalloc
                0x00001c5c       0xac ./FreeRTOS/Src/heap_1.o
                0x00001c5c                pvPortMalloc
 .text.vPortFree
                0x00001d08       0x18 ./FreeRTOS/Src/heap_1.o
                0x00001d08                vPortFree
 .text.vPortInitialiseBlocks
                0x00001d20       0x16 ./FreeRTOS/Src/heap_1.o
                0x00001d20                vPortInitialiseBlocks
 .text.xPortGetFreeHeapSize
                0x00001d36       0x1e ./FreeRTOS/Src/heap_1.o
                0x00001d36                xPortGetFreeHeapSize
 .text.vStartIntegerMathTasks
                0x00001d54       0x7c ./FreeRTOS/Src/integer.o
                0x00001d54                vStartIntegerMathTasks
 .text.vCompeteingIntMathTask
                0x00001dd0       0xd2 ./FreeRTOS/Src/integer.o
 .text.xAreIntegerMathsTaskStillRunning
                0x00001ea2       0x56 ./FreeRTOS/Src/integer.o
                0x00001ea2                xAreIntegerMathsTaskStillRunning
 .text.vListInitialise
                0x00001ef8       0x54 ./FreeRTOS/Src/list.o
                0x00001ef8                vListInitialise
 .text.vListInitialiseItem
                0x00001f4c       0x20 ./FreeRTOS/Src/list.o
                0x00001f4c                vListInitialiseItem
 .text.vListInsertEnd
                0x00001f6c       0x88 ./FreeRTOS/Src/list.o
                0x00001f6c                vListInsertEnd
 .text.vListInsert
                0x00001ff4       0xd8 ./FreeRTOS/Src/list.o
                0x00001ff4                vListInsert
 .text.uxListRemove
                0x000020cc       0x98 ./FreeRTOS/Src/list.o
                0x000020cc                uxListRemove
 .text.pxPortInitialiseStack
                0x00002164      0x306 ./FreeRTOS/Src/port.o
                0x00002164                pxPortInitialiseStack
 .text.xPortStartScheduler
                0x0000246a       0x6a ./FreeRTOS/Src/port.o
                0x0000246a                xPortStartScheduler
 .text.vPortEndScheduler
                0x000024d4        0xe ./FreeRTOS/Src/port.o
                0x000024d4                vPortEndScheduler
 .text.vPortYield
                0x000024e2       0xb2 ./FreeRTOS/Src/port.o
                0x000024e2                vPortYield
 .text.vPortYieldFromTick
                0x00002594       0xba ./FreeRTOS/Src/port.o
                0x00002594                vPortYieldFromTick
 .text.prvSetupTimerInterrupt
                0x0000264e       0xb8 ./FreeRTOS/Src/port.o
 .text.__vector_7
                0x00002706        0x6 ./FreeRTOS/Src/port.o
                0x00002706                __vector_7
 .text.xQueueGenericReset
                0x0000270c      0x10c ./FreeRTOS/Src/queue.o
                0x0000270c                xQueueGenericReset
 .text.xQueueGenericCreate
                0x00002818       0xba ./FreeRTOS/Src/queue.o
                0x00002818                xQueueGenericCreate
 .text.xQueueCreateMutex
                0x000028d2       0x9c ./FreeRTOS/Src/queue.o
                0x000028d2                xQueueCreateMutex
 .text.xQueueCreateCountingSemaphore
                0x0000296e       0x40 ./FreeRTOS/Src/queue.o
                0x0000296e                xQueueCreateCountingSemaphore
 .text.xQueueGenericSend
                0x000029ae      0x158 ./FreeRTOS/Src/queue.o
                0x000029ae                xQueueGenericSend
 .text.xQueueGenericSendFromISR
                0x00002b06       0xc4 ./FreeRTOS/Src/queue.o
                0x00002b06                xQueueGenericSendFromISR
 .text.xQueueGenericReceive
                0x00002bca      0x1c2 ./FreeRTOS/Src/queue.o
                0x00002bca                xQueueGenericReceive
 .text.xQueueReceiveFromISR
                0x00002d8c       0xae ./FreeRTOS/Src/queue.o
                0x00002d8c                xQueueReceiveFromISR
 .text.xQueuePeekFromISR
                0x00002e3a       0x72 ./FreeRTOS/Src/queue.o
                0x00002e3a                xQueuePeekFromISR
 .text.uxQueueMessagesWaiting
                0x00002eac       0x30 ./FreeRTOS/Src/queue.o
                0x00002eac                uxQueueMessagesWaiting
 .text.uxQueueSpacesAvailable
                0x00002edc       0x4a ./FreeRTOS/Src/queue.o
                0x00002edc                uxQueueSpacesAvailable
 .text.uxQueueMessagesWaitingFromISR
                0x00002f26       0x26 ./FreeRTOS/Src/queue.o
                0x00002f26                uxQueueMessagesWaitingFromISR
 .text.vQueueDelete
                0x00002f4c       0x46 ./FreeRTOS/Src/queue.o
                0x00002f4c                vQueueDelete
 .text.prvCopyDataToQueue
                0x00002f92      0x172 ./FreeRTOS/Src/queue.o
 .text.prvCopyDataFromQueue
                0x00003104       0x8e ./FreeRTOS/Src/queue.o
 .text.prvUnlockQueue
                0x00003192       0xa8 ./FreeRTOS/Src/queue.o
 .text.prvIsQueueEmpty
                0x0000323a       0x3a ./FreeRTOS/Src/queue.o
 .text.xQueueIsQueueEmptyFromISR
                0x00003274       0x30 ./FreeRTOS/Src/queue.o
                0x00003274                xQueueIsQueueEmptyFromISR
 .text.prvIsQueueFull
                0x000032a4       0x40 ./FreeRTOS/Src/queue.o
 .text.xQueueIsQueueFullFromISR
                0x000032e4       0x36 ./FreeRTOS/Src/queue.o
                0x000032e4                xQueueIsQueueFullFromISR
 .text.xQueueCRSend
                0x0000331a       0xc2 ./FreeRTOS/Src/queue.o
                0x0000331a                xQueueCRSend
 .text.xQueueCRReceive
                0x000033dc      0x11c ./FreeRTOS/Src/queue.o
                0x000033dc                xQueueCRReceive
 .text.xQueueCRSendFromISR
                0x000034f8       0x82 ./FreeRTOS/Src/queue.o
                0x000034f8                xQueueCRSendFromISR
 .text.xQueueCRReceiveFromISR
                0x0000357a       0xea ./FreeRTOS/Src/queue.o
                0x0000357a                xQueueCRReceiveFromISR
 .text.xTaskGenericCreate
                0x00003664      0x1c2 ./FreeRTOS/Src/tasks.o
                0x00003664                xTaskGenericCreate
 .text.vTaskDelete
                0x00003826       0xca ./FreeRTOS/Src/tasks.o
                0x00003826                vTaskDelete
 .text.vTaskDelayUntil
                0x000038f0       0xe8 ./FreeRTOS/Src/tasks.o
                0x000038f0                vTaskDelayUntil
 .text.vTaskDelay
                0x000039d8       0x6a ./FreeRTOS/Src/tasks.o
                0x000039d8                vTaskDelay
 .text.uxTaskPriorityGet
                0x00003a42       0x64 ./FreeRTOS/Src/tasks.o
                0x00003a42                uxTaskPriorityGet
 .text.vTaskPrioritySet
                0x00003aa6      0x194 ./FreeRTOS/Src/tasks.o
                0x00003aa6                vTaskPrioritySet
 .text.vTaskStartScheduler
                0x00003c3a       0x6e ./FreeRTOS/Src/tasks.o
                0x00003c3a                vTaskStartScheduler
 .text.vTaskEndScheduler
                0x00003ca8       0x18 ./FreeRTOS/Src/tasks.o
                0x00003ca8                vTaskEndScheduler
 .text.vTaskSuspendAll
                0x00003cc0       0x18 ./FreeRTOS/Src/tasks.o
                0x00003cc0                vTaskSuspendAll
 .text.xTaskResumeAll
                0x00003cd8      0x114 ./FreeRTOS/Src/tasks.o
                0x00003cd8                xTaskResumeAll
 .text.xTaskGetTickCount
                0x00003dec       0x2e ./FreeRTOS/Src/tasks.o
                0x00003dec                xTaskGetTickCount
 .text.xTaskGetTickCountFromISR
                0x00003e1a       0x2a ./FreeRTOS/Src/tasks.o
                0x00003e1a                xTaskGetTickCountFromISR
 .text.uxTaskGetNumberOfTasks
                0x00003e44       0x12 ./FreeRTOS/Src/tasks.o
                0x00003e44                uxTaskGetNumberOfTasks
 .text.xTaskIncrementTick
                0x00003e56      0x1ce ./FreeRTOS/Src/tasks.o
                0x00003e56                xTaskIncrementTick
 .text.vTaskSwitchContext
                0x00004024       0xd2 ./FreeRTOS/Src/tasks.o
                0x00004024                vTaskSwitchContext
 .text.vTaskPlaceOnEventList
                0x000040f6       0x6a ./FreeRTOS/Src/tasks.o
                0x000040f6                vTaskPlaceOnEventList
 .text.vTaskPlaceOnUnorderedEventList
                0x00004160       0x86 ./FreeRTOS/Src/tasks.o
                0x00004160                vTaskPlaceOnUnorderedEventList
 .text.xTaskRemoveFromEventList
                0x000041e6       0xd6 ./FreeRTOS/Src/tasks.o
                0x000041e6                xTaskRemoveFromEventList
 .text.xTaskRemoveFromUnorderedEventList
                0x000042bc       0xca ./FreeRTOS/Src/tasks.o
                0x000042bc                xTaskRemoveFromUnorderedEventList
 .text.vTaskSetTimeOutState
                0x00004386       0x32 ./FreeRTOS/Src/tasks.o
                0x00004386                vTaskSetTimeOutState
 .text.xTaskCheckForTimeOut
                0x000043b8       0xc6 ./FreeRTOS/Src/tasks.o
                0x000043b8                xTaskCheckForTimeOut
 .text.vTaskMissedYield
                0x0000447e       0x14 ./FreeRTOS/Src/tasks.o
                0x0000447e                vTaskMissedYield
 .text.prvIdleTask
                0x00004492       0x20 ./FreeRTOS/Src/tasks.o
 .text.prvInitialiseTCBVariables
                0x000044b2       0xf4 ./FreeRTOS/Src/tasks.o
 .text.prvInitialiseTaskLists
                0x000045a6       0x7a ./FreeRTOS/Src/tasks.o
 .text.prvCheckTasksWaitingTermination
                0x00004620       0x7e ./FreeRTOS/Src/tasks.o
 .text.prvAddCurrentTaskToDelayedList
                0x0000469e       0x92 ./FreeRTOS/Src/tasks.o
 .text.prvAllocateTCBAndStack
                0x00004730       0x88 ./FreeRTOS/Src/tasks.o
 .text.prvDeleteTCB
                0x000047b8       0x2c ./FreeRTOS/Src/tasks.o
 .text.prvResetNextTaskUnblockTime
                0x000047e4       0x56 ./FreeRTOS/Src/tasks.o
 .text.xTaskGetCurrentTaskHandle
                0x0000483a       0x24 ./FreeRTOS/Src/tasks.o
                0x0000483a                xTaskGetCurrentTaskHandle
 .text.vTaskPriorityInherit
                0x0000485e      0x116 ./FreeRTOS/Src/tasks.o
                0x0000485e                vTaskPriorityInherit
 .text.xTaskPriorityDisinherit
                0x00004974       0xe4 ./FreeRTOS/Src/tasks.o
                0x00004974                xTaskPriorityDisinherit
 .text.uxTaskResetEventItemValue
                0x00004a58       0x4e ./FreeRTOS/Src/tasks.o
                0x00004a58                uxTaskResetEventItemValue
 .text.pvTaskIncrementMutexHeldCount
                0x00004aa6       0x30 ./FreeRTOS/Src/tasks.o
                0x00004aa6                pvTaskIncrementMutexHeldCount
 .text.ADC_Init
                0x00004ad6       0x2e ./Drivers/src/ADC.o
                0x00004ad6                ADC_Init
 .text.ADC_Read
                0x00004b04       0x46 ./Drivers/src/ADC.o
                0x00004b04                ADC_Read
 .text.Led_Init
                0x00004b4a       0x3e ./Drivers/src/BasicIO.o
                0x00004b4a                Led_Init
 .text.Led_On   0x00004b88       0x3a ./Drivers/src/BasicIO.o
                0x00004b88                Led_On
 .text.Led_Off  0x00004bc2       0x3c ./Drivers/src/BasicIO.o
                0x00004bc2                Led_Off
 .text.Led_Toggle
                0x00004bfe       0x3a ./Drivers/src/BasicIO.o
                0x00004bfe                Led_Toggle
 .text.Leds_Init
                0x00004c38       0x2a ./Drivers/src/BasicIO.o
                0x00004c38                Leds_Init
 .text.Leds_On  0x00004c62       0x24 ./Drivers/src/BasicIO.o
                0x00004c62                Leds_On
 .text.Leds_Off
                0x00004c86       0x28 ./Drivers/src/BasicIO.o
                0x00004c86                Leds_Off
 .text.Leds_Toggle
                0x00004cae       0x24 ./Drivers/src/BasicIO.o
                0x00004cae                Leds_Toggle
 .text.Leds_AllInit
                0x00004cd2       0x24 ./Drivers/src/BasicIO.o
                0x00004cd2                Leds_AllInit
 .text.Leds_AllOn
                0x00004cf6       0x20 ./Drivers/src/BasicIO.o
                0x00004cf6                Leds_AllOn
 .text.Leds_AllOff
                0x00004d16       0x1e ./Drivers/src/BasicIO.o
                0x00004d16                Leds_AllOff
 .text.Leds_AllToggle
                0x00004d34       0x1c ./Drivers/src/BasicIO.o
                0x00004d34                Leds_AllToggle
 .text.Btn_Init
                0x00004d50       0x60 ./Drivers/src/BasicIO.o
                0x00004d50                Btn_Init
 .text.Btn_IsPressed
                0x00004db0       0x44 ./Drivers/src/BasicIO.o
                0x00004db0                Btn_IsPressed
 .text.Buz_Init
                0x00004df4       0x20 ./Drivers/src/BasicIO.o
                0x00004df4                Buz_Init
 .text.Buz_On   0x00004e14       0x1c ./Drivers/src/BasicIO.o
                0x00004e14                Buz_On
 .text.Buz_Off  0x00004e30       0x1c ./Drivers/src/BasicIO.o
                0x00004e30                Buz_Off
 .text.Buz_Toggle
                0x00004e4c       0x1e ./Drivers/src/BasicIO.o
                0x00004e4c                Buz_Toggle
 .text.Ext_Int_Init
                0x00004e6a      0x11c ./Drivers/src/Ext_int.o
                0x00004e6a                Ext_Int_Init
 .text.__vector_1
                0x00004f86       0x5a ./Drivers/src/Ext_int.o
                0x00004f86                __vector_1
 .text.__vector_2
                0x00004fe0       0x5a ./Drivers/src/Ext_int.o
                0x00004fe0                __vector_2
 .text.__vector_3
                0x0000503a       0x5a ./Drivers/src/Ext_int.o
                0x0000503a                __vector_3
 .text.LCD_Init
                0x00005094      0x150 ./Drivers/src/LCD.o
                0x00005094                LCD_Init
 .text.LCD_Clear
                0x000051e4      0x110 ./Drivers/src/LCD.o
                0x000051e4                LCD_Clear
 .text.LCD_DispChar
                0x000052f4       0x1a ./Drivers/src/LCD.o
                0x000052f4                LCD_DispChar
 .text.LCD_DispStr
                0x0000530e       0x52 ./Drivers/src/LCD.o
                0x0000530e                LCD_DispStr
 .text.LCD_DispCharXY
                0x00005360       0x2c ./Drivers/src/LCD.o
                0x00005360                LCD_DispCharXY
 .text.LCD_DispStrXY
                0x0000538c       0x32 ./Drivers/src/LCD.o
                0x0000538c                LCD_DispStrXY
 .text.LCD_SendCMD
                0x000053be      0x1ea ./Drivers/src/LCD.o
 .text.LCD_SendData
                0x000055a8      0x1ea ./Drivers/src/LCD.o
 .text.LCD_GoToXY
                0x00005792       0x30 ./Drivers/src/LCD.o
 .text.LCD_Latch
                0x000057c2       0x2a ./Drivers/src/LCD.o
 .text.LCD_DispInt
                0x000057ec       0x5a ./Drivers/src/LCD.o
                0x000057ec                LCD_DispInt
 .text.LCD_DispIntXY
                0x00005846       0x44 ./Drivers/src/LCD.o
                0x00005846                LCD_DispIntXY
 .text.SPI_Init
                0x0000588a       0x9a ./Drivers/src/SPI.o
                0x0000588a                SPI_Init
 .text.SPI_Transceve
                0x00005924       0x2c ./Drivers/src/SPI.o
                0x00005924                SPI_Transceve
 .text.TWI_Init
                0x00005950       0x6a ./Drivers/src/TWI.o
                0x00005950                TWI_Init
 .text.TWI_Start
                0x000059ba       0x3a ./Drivers/src/TWI.o
                0x000059ba                TWI_Start
 .text.TWI_Restart
                0x000059f4       0x3a ./Drivers/src/TWI.o
                0x000059f4                TWI_Restart
 .text.TWI_Stop
                0x00005a2e       0x16 ./Drivers/src/TWI.o
                0x00005a2e                TWI_Stop
 .text.TWI_Wait
                0x00005a44       0x18 ./Drivers/src/TWI.o
 .text.TWI_Write
                0x00005a5c       0x54 ./Drivers/src/TWI.o
                0x00005a5c                TWI_Write
 .text.TWI_Read
                0x00005ab0       0x7e ./Drivers/src/TWI.o
                0x00005ab0                TWI_Read
 .text.Key_Init
                0x00005b2e       0x46 ./Drivers/src/keypad.o
                0x00005b2e                Key_Init
 .text.Key_GetKey
                0x00005b74      0x1f8 ./Drivers/src/keypad.o
                0x00005b74                Key_GetKey
 .text.Seg_Init
                0x00005d6c       0x3a ./Drivers/src/seg.o
                0x00005d6c                Seg_Init
 .text.Seg_Display
                0x00005da6      0x18e ./Drivers/src/seg.o
                0x00005da6                Seg_Display
 .text.Timer_Init
                0x00005f34      0x188 ./Drivers/src/timer.o
                0x00005f34                Timer_Init
 .text.Timer_Start
                0x000060bc       0x2a ./Drivers/src/timer.o
                0x000060bc                Timer_Start
 .text.Timer_Stop
                0x000060e6       0x1c ./Drivers/src/timer.o
                0x000060e6                Timer_Stop
 .text.Timer_ResetCounters
                0x00006102       0x24 ./Drivers/src/timer.o
                0x00006102                Timer_ResetCounters
 .text.Timer_DelayUS
                0x00006126       0x7a ./Drivers/src/timer.o
                0x00006126                Timer_DelayUS
 .text.Timer_DelayMS
                0x000061a0       0xa0 ./Drivers/src/timer.o
                0x000061a0                Timer_DelayMS
 .text.Timer_SetDuty
                0x00006240       0x66 ./Drivers/src/timer.o
                0x00006240                Timer_SetDuty
 .text.Timer_DecDuty
                0x000062a6      0x130 ./Drivers/src/timer.o
                0x000062a6                Timer_DecDuty
 .text.Timer_IncDuty
                0x000063d6      0x146 ./Drivers/src/timer.o
                0x000063d6                Timer_IncDuty
 .text.Timer_SetNotif
                0x0000651c       0x86 ./Drivers/src/timer.o
                0x0000651c                Timer_SetNotif
 .text.__vector_11
                0x000065a2       0xae ./Drivers/src/timer.o
                0x000065a2                __vector_11
 .text.Uart_Init
                0x00006650       0xb8 ./Drivers/src/uart.o
                0x00006650                Uart_Init
 .text.Uart_SendByte
                0x00006708       0x2e ./Drivers/src/uart.o
                0x00006708                Uart_SendByte
 .text.Uart_ReceiveByte
                0x00006736       0x2e ./Drivers/src/uart.o
                0x00006736                Uart_ReceiveByte
 .text.Uart_ReceiveByte_Unblock
                0x00006764       0x3e ./Drivers/src/uart.o
                0x00006764                Uart_ReceiveByte_Unblock
 .text.Uart_SendStr
                0x000067a2       0x6c ./Drivers/src/uart.o
                0x000067a2                Uart_SendStr
 .text.__vector_13
                0x0000680e       0x68 ./Drivers/src/uart.o
                0x0000680e                __vector_13
 .text.main     0x00006876      0x112 ./App/app.o
                0x00006876                main
 .text.system_init
                0x00006988       0x34 ./App/app.o
                0x00006988                system_init
 .text.ReadUart_Task
                0x000069bc       0x92 ./App/app.o
                0x000069bc                ReadUart_Task
 .text.DataParsing_Task
                0x00006a4e      0x148 ./App/app.o
                0x00006a4e                DataParsing_Task
 .text.ReadTemp_Task
                0x00006b96       0xaa ./App/app.o
                0x00006b96                ReadTemp_Task
 .text.AC_Task  0x00006c40       0x30 ./App/app.o
                0x00006c40                AC_Task
 .text.Fan_Task
                0x00006c70       0x30 ./App/app.o
                0x00006c70                Fan_Task
 .text.libgcc   0x00006ca0       0x3e d:/iti/tools/imt_sdk/imt_sdk_win_64/winavr/bin/../lib/gcc/avr/4.3.3/avr5\libgcc.a(_mulsi3.o)
                0x00006ca0                __mulsi3
 .text.libgcc   0x00006cde       0x44 d:/iti/tools/imt_sdk/imt_sdk_win_64/winavr/bin/../lib/gcc/avr/4.3.3/avr5\libgcc.a(_udivmodsi4.o)
                0x00006cde                __udivmodsi4
 .text.libgcc   0x00006d22       0x36 d:/iti/tools/imt_sdk/imt_sdk_win_64/winavr/bin/../lib/gcc/avr/4.3.3/avr5\libgcc.a(_divmodsi4.o)
                0x00006d22                __divmodsi4
 .text.libgcc   0x00006d58        0x0 d:/iti/tools/imt_sdk/imt_sdk_win_64/winavr/bin/../lib/gcc/avr/4.3.3/avr5\libgcc.a(_exit.o)
 .text.libgcc   0x00006d58        0x0 d:/iti/tools/imt_sdk/imt_sdk_win_64/winavr/bin/../lib/gcc/avr/4.3.3/avr5\libgcc.a(_copy_data.o)
 .text.libgcc   0x00006d58        0x0 d:/iti/tools/imt_sdk/imt_sdk_win_64/winavr/bin/../lib/gcc/avr/4.3.3/avr5\libgcc.a(_clear_bss.o)
 .text.libgcc   0x00006d58       0x38 d:/iti/tools/imt_sdk/imt_sdk_win_64/winavr/bin/../lib/gcc/avr/4.3.3/avr5\libgcc.a(_prologue.o)
                0x00006d58                __prologue_saves__
 .text.libgcc   0x00006d90       0x36 d:/iti/tools/imt_sdk/imt_sdk_win_64/winavr/bin/../lib/gcc/avr/4.3.3/avr5\libgcc.a(_epilogue.o)
                0x00006d90                __epilogue_restores__
 .text.avr-libc
                0x00006dc6       0x12 d:/iti/tools/imt_sdk/imt_sdk_win_64/winavr/bin/../lib/gcc/avr/4.3.3/../../../../avr/lib/avr5\libc.a(memcpy.o)
                0x00006dc6                memcpy
 .text.avr-libc
                0x00006dd8       0x42 d:/iti/tools/imt_sdk/imt_sdk_win_64/winavr/bin/../lib/gcc/avr/4.3.3/../../../../avr/lib/avr5\libc.a(itoa.o)
                0x00006dd8                itoa
 .text.avr-libc
                0x00006e1a       0x20 d:/iti/tools/imt_sdk/imt_sdk_win_64/winavr/bin/../lib/gcc/avr/4.3.3/../../../../avr/lib/avr5\libc.a(strrev.o)
                0x00006e1a                strrev
 .text.libgcc   0x00006e3a       0x28 d:/iti/tools/imt_sdk/imt_sdk_win_64/winavr/bin/../lib/gcc/avr/4.3.3/avr5\libgcc.a(_udivmodhi4.o)
                0x00006e3a                __udivmodhi4
                0x00006e62                . = ALIGN (0x2)
 *(.fini9)
 .fini9         0x00006e62        0x0 d:/iti/tools/imt_sdk/imt_sdk_win_64/winavr/bin/../lib/gcc/avr/4.3.3/avr5\libgcc.a(_exit.o)
                0x00006e62                exit
                0x00006e62                _exit
 *(.fini9)
 *(.fini8)
 *(.fini8)
 *(.fini7)
 *(.fini7)
 *(.fini6)
 *(.fini6)
 *(.fini5)
 *(.fini5)
 *(.fini4)
 *(.fini4)
 *(.fini3)
 *(.fini3)
 *(.fini2)
 *(.fini2)
 *(.fini1)
 *(.fini1)
 *(.fini0)
 .fini0         0x00006e62        0x4 d:/iti/tools/imt_sdk/imt_sdk_win_64/winavr/bin/../lib/gcc/avr/4.3.3/avr5\libgcc.a(_exit.o)
 *(.fini0)
                0x00006e66                _etext = .

.data           0x00800060      0x1a8 load address 0x00006e66
                0x00800060                PROVIDE (__data_start, .)
 *(.data)
 .data          0x00800060        0x0 d:/iti/tools/imt_sdk/imt_sdk_win_64/winavr/bin/../lib/gcc/avr/4.3.3/../../../../avr/lib/avr5/crtm32.o
 .data          0x00800060       0x10 ./FreeRTOS/Src/PollQ.o
 .data          0x00800070        0x0 ./FreeRTOS/Src/croutine.o
 .data          0x00800070        0x0 ./FreeRTOS/Src/event_groups.o
 .data          0x00800070        0x0 ./FreeRTOS/Src/heap_1.o
 .data          0x00800070        0x8 ./FreeRTOS/Src/integer.o
 .data          0x00800078        0x0 ./FreeRTOS/Src/list.o
 .data          0x00800078        0x0 ./FreeRTOS/Src/port.o
 .data          0x00800078        0x0 ./FreeRTOS/Src/queue.o
 .data          0x00800078        0x5 ./FreeRTOS/Src/tasks.o
 .data          0x0080007d        0x0 ./Drivers/src/ADC.o
 .data          0x0080007d        0x0 ./Drivers/src/BasicIO.o
 .data          0x0080007d        0x0 ./Drivers/src/Ext_int.o
 .data          0x0080007d        0x0 ./Drivers/src/LCD.o
 .data          0x0080007d        0x0 ./Drivers/src/SPI.o
 .data          0x0080007d        0x0 ./Drivers/src/TWI.o
 .data          0x0080007d        0x0 ./Drivers/src/keypad.o
 .data          0x0080007d        0x0 ./Drivers/src/seg.o
 .data          0x0080007d        0x0 ./Drivers/src/timer.o
 .data          0x0080007d        0x0 ./Drivers/src/uart.o
 .data          0x0080007d       0x66 ./App/app.o
 .data          0x008000e3        0x0 d:/iti/tools/imt_sdk/imt_sdk_win_64/winavr/bin/../lib/gcc/avr/4.3.3/avr5\libgcc.a(_mulsi3.o)
 .data          0x008000e3        0x0 d:/iti/tools/imt_sdk/imt_sdk_win_64/winavr/bin/../lib/gcc/avr/4.3.3/avr5\libgcc.a(_udivmodsi4.o)
 .data          0x008000e3        0x0 d:/iti/tools/imt_sdk/imt_sdk_win_64/winavr/bin/../lib/gcc/avr/4.3.3/avr5\libgcc.a(_divmodsi4.o)
 .data          0x008000e3        0x0 d:/iti/tools/imt_sdk/imt_sdk_win_64/winavr/bin/../lib/gcc/avr/4.3.3/avr5\libgcc.a(_exit.o)
 .data          0x008000e3        0x0 d:/iti/tools/imt_sdk/imt_sdk_win_64/winavr/bin/../lib/gcc/avr/4.3.3/avr5\libgcc.a(_copy_data.o)
 .data          0x008000e3        0x0 d:/iti/tools/imt_sdk/imt_sdk_win_64/winavr/bin/../lib/gcc/avr/4.3.3/avr5\libgcc.a(_clear_bss.o)
 .data          0x008000e3        0x0 d:/iti/tools/imt_sdk/imt_sdk_win_64/winavr/bin/../lib/gcc/avr/4.3.3/avr5\libgcc.a(_fixunssfsi.o)
 .data          0x008000e3        0x0 d:/iti/tools/imt_sdk/imt_sdk_win_64/winavr/bin/../lib/gcc/avr/4.3.3/avr5\libgcc.a(_addsub_sf.o)
 .data          0x008000e3        0x0 d:/iti/tools/imt_sdk/imt_sdk_win_64/winavr/bin/../lib/gcc/avr/4.3.3/avr5\libgcc.a(_mul_sf.o)
 .data          0x008000e3        0x0 d:/iti/tools/imt_sdk/imt_sdk_win_64/winavr/bin/../lib/gcc/avr/4.3.3/avr5\libgcc.a(_div_sf.o)
 .data          0x008000e3        0x0 d:/iti/tools/imt_sdk/imt_sdk_win_64/winavr/bin/../lib/gcc/avr/4.3.3/avr5\libgcc.a(_gt_sf.o)
 .data          0x008000e3        0x0 d:/iti/tools/imt_sdk/imt_sdk_win_64/winavr/bin/../lib/gcc/avr/4.3.3/avr5\libgcc.a(_ge_sf.o)
 .data          0x008000e3        0x0 d:/iti/tools/imt_sdk/imt_sdk_win_64/winavr/bin/../lib/gcc/avr/4.3.3/avr5\libgcc.a(_lt_sf.o)
 .data          0x008000e3        0x0 d:/iti/tools/imt_sdk/imt_sdk_win_64/winavr/bin/../lib/gcc/avr/4.3.3/avr5\libgcc.a(_le_sf.o)
 .data          0x008000e3        0x0 d:/iti/tools/imt_sdk/imt_sdk_win_64/winavr/bin/../lib/gcc/avr/4.3.3/avr5\libgcc.a(_si_to_sf.o)
 .data          0x008000e3        0x0 d:/iti/tools/imt_sdk/imt_sdk_win_64/winavr/bin/../lib/gcc/avr/4.3.3/avr5\libgcc.a(_sf_to_si.o)
 .data          0x008000e3        0x8 d:/iti/tools/imt_sdk/imt_sdk_win_64/winavr/bin/../lib/gcc/avr/4.3.3/avr5\libgcc.a(_thenan_sf.o)
                0x008000e3                __thenan_sf
 .data          0x008000eb        0x0 d:/iti/tools/imt_sdk/imt_sdk_win_64/winavr/bin/../lib/gcc/avr/4.3.3/avr5\libgcc.a(_prologue.o)
 .data          0x008000eb        0x0 d:/iti/tools/imt_sdk/imt_sdk_win_64/winavr/bin/../lib/gcc/avr/4.3.3/avr5\libgcc.a(_epilogue.o)
 .data          0x008000eb        0x0 d:/iti/tools/imt_sdk/imt_sdk_win_64/winavr/bin/../lib/gcc/avr/4.3.3/avr5\libgcc.a(_clzsi2.o)
 .data          0x008000eb        0x0 d:/iti/tools/imt_sdk/imt_sdk_win_64/winavr/bin/../lib/gcc/avr/4.3.3/avr5\libgcc.a(_pack_sf.o)
 .data          0x008000eb        0x0 d:/iti/tools/imt_sdk/imt_sdk_win_64/winavr/bin/../lib/gcc/avr/4.3.3/avr5\libgcc.a(_unpack_sf.o)
 .data          0x008000eb        0x0 d:/iti/tools/imt_sdk/imt_sdk_win_64/winavr/bin/../lib/gcc/avr/4.3.3/avr5\libgcc.a(_fpcmp_parts_sf.o)
 .data          0x008000eb      0x100 d:/iti/tools/imt_sdk/imt_sdk_win_64/winavr/bin/../lib/gcc/avr/4.3.3/avr5\libgcc.a(_clz.o)
                0x008000eb                __clz_tab
 .data          0x008001eb        0x0 d:/iti/tools/imt_sdk/imt_sdk_win_64/winavr/bin/../lib/gcc/avr/4.3.3/../../../../avr/lib/avr5\libc.a(memcpy.o)
 .data          0x008001eb        0x0 d:/iti/tools/imt_sdk/imt_sdk_win_64/winavr/bin/../lib/gcc/avr/4.3.3/../../../../avr/lib/avr5\libc.a(itoa.o)
 .data          0x008001eb        0x0 d:/iti/tools/imt_sdk/imt_sdk_win_64/winavr/bin/../lib/gcc/avr/4.3.3/../../../../avr/lib/avr5\libc.a(strrev.o)
 .data          0x008001eb        0x0 d:/iti/tools/imt_sdk/imt_sdk_win_64/winavr/bin/../lib/gcc/avr/4.3.3/avr5\libgcc.a(_udivmodhi4.o)
 *(.data*)
 .data.xNextTaskUnblockTime
                0x008001eb        0x2 ./FreeRTOS/Src/tasks.o
 .data.keys     0x008001ed       0x10 ./Drivers/src/keypad.o
                0x008001ed                keys
 *(.rodata)
 *(.rodata*)
 .rodata.numbers
                0x008001fd        0xb ./Drivers/src/seg.o
                0x008001fd                numbers
 *(.gnu.linkonce.d*)
                0x00800208                . = ALIGN (0x2)
                0x00800208                _edata = .
                0x00800208                PROVIDE (__data_end, .)

.bss            0x00800208      0x54d
                0x00800208                PROVIDE (__bss_start, .)
 *(.bss)
 .bss           0x00800208        0x0 d:/iti/tools/imt_sdk/imt_sdk_win_64/winavr/bin/../lib/gcc/avr/4.3.3/../../../../avr/lib/avr5/crtm32.o
 .bss           0x00800208        0x0 ./FreeRTOS/Src/PollQ.o
 .bss           0x00800208        0x0 ./FreeRTOS/Src/croutine.o
 .bss           0x00800208        0x0 ./FreeRTOS/Src/event_groups.o
 .bss           0x00800208        0x0 ./FreeRTOS/Src/heap_1.o
 .bss           0x00800208        0x0 ./FreeRTOS/Src/integer.o
 .bss           0x00800208        0x0 ./FreeRTOS/Src/list.o
 .bss           0x00800208        0x0 ./FreeRTOS/Src/port.o
 .bss           0x00800208        0x0 ./FreeRTOS/Src/queue.o
 .bss           0x00800208        0x0 ./FreeRTOS/Src/tasks.o
 .bss           0x00800208        0x0 ./Drivers/src/ADC.o
 .bss           0x00800208        0x0 ./Drivers/src/BasicIO.o
 .bss           0x00800208        0x0 ./Drivers/src/Ext_int.o
 .bss           0x00800208        0x0 ./Drivers/src/LCD.o
 .bss           0x00800208        0x0 ./Drivers/src/SPI.o
 .bss           0x00800208        0x0 ./Drivers/src/TWI.o
 .bss           0x00800208        0x0 ./Drivers/src/keypad.o
 .bss           0x00800208        0x0 ./Drivers/src/seg.o
 .bss           0x00800208        0x0 ./Drivers/src/timer.o
 .bss           0x00800208        0x0 ./Drivers/src/uart.o
 .bss           0x00800208        0x0 ./App/app.o
 .bss           0x00800208        0x0 d:/iti/tools/imt_sdk/imt_sdk_win_64/winavr/bin/../lib/gcc/avr/4.3.3/avr5\libgcc.a(_mulsi3.o)
 .bss           0x00800208        0x0 d:/iti/tools/imt_sdk/imt_sdk_win_64/winavr/bin/../lib/gcc/avr/4.3.3/avr5\libgcc.a(_udivmodsi4.o)
 .bss           0x00800208        0x0 d:/iti/tools/imt_sdk/imt_sdk_win_64/winavr/bin/../lib/gcc/avr/4.3.3/avr5\libgcc.a(_divmodsi4.o)
 .bss           0x00800208        0x0 d:/iti/tools/imt_sdk/imt_sdk_win_64/winavr/bin/../lib/gcc/avr/4.3.3/avr5\libgcc.a(_exit.o)
 .bss           0x00800208        0x0 d:/iti/tools/imt_sdk/imt_sdk_win_64/winavr/bin/../lib/gcc/avr/4.3.3/avr5\libgcc.a(_copy_data.o)
 .bss           0x00800208        0x0 d:/iti/tools/imt_sdk/imt_sdk_win_64/winavr/bin/../lib/gcc/avr/4.3.3/avr5\libgcc.a(_clear_bss.o)
 .bss           0x00800208        0x0 d:/iti/tools/imt_sdk/imt_sdk_win_64/winavr/bin/../lib/gcc/avr/4.3.3/avr5\libgcc.a(_fixunssfsi.o)
 .bss           0x00800208        0x0 d:/iti/tools/imt_sdk/imt_sdk_win_64/winavr/bin/../lib/gcc/avr/4.3.3/avr5\libgcc.a(_addsub_sf.o)
 .bss           0x00800208        0x0 d:/iti/tools/imt_sdk/imt_sdk_win_64/winavr/bin/../lib/gcc/avr/4.3.3/avr5\libgcc.a(_mul_sf.o)
 .bss           0x00800208        0x0 d:/iti/tools/imt_sdk/imt_sdk_win_64/winavr/bin/../lib/gcc/avr/4.3.3/avr5\libgcc.a(_div_sf.o)
 .bss           0x00800208        0x0 d:/iti/tools/imt_sdk/imt_sdk_win_64/winavr/bin/../lib/gcc/avr/4.3.3/avr5\libgcc.a(_gt_sf.o)
 .bss           0x00800208        0x0 d:/iti/tools/imt_sdk/imt_sdk_win_64/winavr/bin/../lib/gcc/avr/4.3.3/avr5\libgcc.a(_ge_sf.o)
 .bss           0x00800208        0x0 d:/iti/tools/imt_sdk/imt_sdk_win_64/winavr/bin/../lib/gcc/avr/4.3.3/avr5\libgcc.a(_lt_sf.o)
 .bss           0x00800208        0x0 d:/iti/tools/imt_sdk/imt_sdk_win_64/winavr/bin/../lib/gcc/avr/4.3.3/avr5\libgcc.a(_le_sf.o)
 .bss           0x00800208        0x0 d:/iti/tools/imt_sdk/imt_sdk_win_64/winavr/bin/../lib/gcc/avr/4.3.3/avr5\libgcc.a(_si_to_sf.o)
 .bss           0x00800208        0x0 d:/iti/tools/imt_sdk/imt_sdk_win_64/winavr/bin/../lib/gcc/avr/4.3.3/avr5\libgcc.a(_sf_to_si.o)
 .bss           0x00800208        0x0 d:/iti/tools/imt_sdk/imt_sdk_win_64/winavr/bin/../lib/gcc/avr/4.3.3/avr5\libgcc.a(_thenan_sf.o)
 .bss           0x00800208        0x0 d:/iti/tools/imt_sdk/imt_sdk_win_64/winavr/bin/../lib/gcc/avr/4.3.3/avr5\libgcc.a(_prologue.o)
 .bss           0x00800208        0x0 d:/iti/tools/imt_sdk/imt_sdk_win_64/winavr/bin/../lib/gcc/avr/4.3.3/avr5\libgcc.a(_epilogue.o)
 .bss           0x00800208        0x0 d:/iti/tools/imt_sdk/imt_sdk_win_64/winavr/bin/../lib/gcc/avr/4.3.3/avr5\libgcc.a(_clzsi2.o)
 .bss           0x00800208        0x0 d:/iti/tools/imt_sdk/imt_sdk_win_64/winavr/bin/../lib/gcc/avr/4.3.3/avr5\libgcc.a(_pack_sf.o)
 .bss           0x00800208        0x0 d:/iti/tools/imt_sdk/imt_sdk_win_64/winavr/bin/../lib/gcc/avr/4.3.3/avr5\libgcc.a(_unpack_sf.o)
 .bss           0x00800208        0x0 d:/iti/tools/imt_sdk/imt_sdk_win_64/winavr/bin/../lib/gcc/avr/4.3.3/avr5\libgcc.a(_fpcmp_parts_sf.o)
 .bss           0x00800208        0x0 d:/iti/tools/imt_sdk/imt_sdk_win_64/winavr/bin/../lib/gcc/avr/4.3.3/avr5\libgcc.a(_clz.o)
 .bss           0x00800208        0x0 d:/iti/tools/imt_sdk/imt_sdk_win_64/winavr/bin/../lib/gcc/avr/4.3.3/../../../../avr/lib/avr5\libc.a(memcpy.o)
 .bss           0x00800208        0x0 d:/iti/tools/imt_sdk/imt_sdk_win_64/winavr/bin/../lib/gcc/avr/4.3.3/../../../../avr/lib/avr5\libc.a(itoa.o)
 .bss           0x00800208        0x0 d:/iti/tools/imt_sdk/imt_sdk_win_64/winavr/bin/../lib/gcc/avr/4.3.3/../../../../avr/lib/avr5\libc.a(strrev.o)
 .bss           0x00800208        0x0 d:/iti/tools/imt_sdk/imt_sdk_win_64/winavr/bin/../lib/gcc/avr/4.3.3/avr5\libgcc.a(_udivmodhi4.o)
 *(.bss*)
 .bss.xPollingConsumerCount
                0x00800208        0x1 ./FreeRTOS/Src/PollQ.o
 .bss.xPollingProducerCount
                0x00800209        0x1 ./FreeRTOS/Src/PollQ.o
 .bss.xPolledQueue.1653
                0x0080020a        0x2 ./FreeRTOS/Src/PollQ.o
 .bss.pxCurrentCoRoutine
                0x0080020c        0x2 ./FreeRTOS/Src/croutine.o
                0x0080020c                pxCurrentCoRoutine
 .bss.uxTopCoRoutineReadyPriority
                0x0080020e        0x1 ./FreeRTOS/Src/croutine.o
 .bss.xCoRoutineTickCount
                0x0080020f        0x2 ./FreeRTOS/Src/croutine.o
 .bss.xLastTickCount
                0x00800211        0x2 ./FreeRTOS/Src/croutine.o
 .bss.xPassedTicks
                0x00800213        0x2 ./FreeRTOS/Src/croutine.o
 .bss.pxReadyCoRoutineLists
                0x00800215       0x12 ./FreeRTOS/Src/croutine.o
 .bss.xDelayedCoRoutineList1
                0x00800227        0x9 ./FreeRTOS/Src/croutine.o
 .bss.xDelayedCoRoutineList2
                0x00800230        0x9 ./FreeRTOS/Src/croutine.o
 .bss.pxDelayedCoRoutineList
                0x00800239        0x2 ./FreeRTOS/Src/croutine.o
 .bss.pxOverflowDelayedCoRoutineList
                0x0080023b        0x2 ./FreeRTOS/Src/croutine.o
 .bss.xPendingReadyCoRoutineList
                0x0080023d        0x9 ./FreeRTOS/Src/croutine.o
 .bss.xNextFreeByte
                0x00800246        0x2 ./FreeRTOS/Src/heap_1.o
 .bss.pucAlignedHeap.1541
                0x00800248        0x2 ./FreeRTOS/Src/heap_1.o
 .bss.ucHeap    0x0080024a      0x47e ./FreeRTOS/Src/heap_1.o
 .bss.xTaskCheck
                0x008006c8        0x1 ./FreeRTOS/Src/integer.o
 .bss.pxCurrentTCB
                0x008006c9        0x2 ./FreeRTOS/Src/tasks.o
                0x008006c9                pxCurrentTCB
 .bss.uxTasksDeleted
                0x008006cb        0x1 ./FreeRTOS/Src/tasks.o
 .bss.uxCurrentNumberOfTasks
                0x008006cc        0x1 ./FreeRTOS/Src/tasks.o
 .bss.xTickCount
                0x008006cd        0x2 ./FreeRTOS/Src/tasks.o
 .bss.uxTopReadyPriority
                0x008006cf        0x1 ./FreeRTOS/Src/tasks.o
 .bss.xSchedulerRunning
                0x008006d0        0x1 ./FreeRTOS/Src/tasks.o
 .bss.uxPendedTicks
                0x008006d1        0x1 ./FreeRTOS/Src/tasks.o
 .bss.xYieldPending
                0x008006d2        0x1 ./FreeRTOS/Src/tasks.o
 .bss.xNumOfOverflows
                0x008006d3        0x1 ./FreeRTOS/Src/tasks.o
 .bss.uxTaskNumber
                0x008006d4        0x1 ./FreeRTOS/Src/tasks.o
 .bss.uxSchedulerSuspended
                0x008006d5        0x1 ./FreeRTOS/Src/tasks.o
 .bss.pxReadyTasksLists
                0x008006d6       0x3f ./FreeRTOS/Src/tasks.o
 .bss.xDelayedTaskList1
                0x00800715        0x9 ./FreeRTOS/Src/tasks.o
 .bss.xDelayedTaskList2
                0x0080071e        0x9 ./FreeRTOS/Src/tasks.o
 .bss.pxDelayedTaskList
                0x00800727        0x2 ./FreeRTOS/Src/tasks.o
 .bss.pxOverflowDelayedTaskList
                0x00800729        0x2 ./FreeRTOS/Src/tasks.o
 .bss.xPendingReadyList
                0x0080072b        0x9 ./FreeRTOS/Src/tasks.o
 .bss.xTasksWaitingTermination
                0x00800734        0x9 ./FreeRTOS/Src/tasks.o
 .bss.overflows
                0x0080073d        0x4 ./Drivers/src/timer.o
 .bss.calcOverflows
                0x00800741        0x4 ./Drivers/src/timer.o
 .bss.AC_Semph  0x00800745        0x2 ./App/app.o
                0x00800745                AC_Semph
 .bss.Fan_Semph
                0x00800747        0x2 ./App/app.o
                0x00800747                Fan_Semph
 .bss.Queue_Handler
                0x00800749        0x2 ./App/app.o
                0x00800749                Queue_Handler
 .bss.Data_Queue
                0x0080074b        0x2 ./App/app.o
                0x0080074b                Data_Queue
 *(COMMON)
 COMMON         0x0080074d        0x6 ./Drivers/src/Ext_int.o
                0x0080074d                callbacks
 COMMON         0x00800753        0x2 ./Drivers/src/timer.o
                0x00800753                notifier
                0x00800755                PROVIDE (__bss_end, .)
                0x00006e66                __data_load_start = LOADADDR (.data)
                0x0000700e                __data_load_end = (__data_load_start + SIZEOF (.data))

.noinit         0x00800755        0x0
                0x00800755                PROVIDE (__noinit_start, .)
 *(.noinit*)
                0x00800755                PROVIDE (__noinit_end, .)
                0x00800755                _end = .
                0x00800755                PROVIDE (__heap_start, .)

.eeprom         0x00810000        0x0
 *(.eeprom*)
                0x00810000                __eeprom_end = .

.fuse
 *(.fuse)
 *(.lfuse)
 *(.hfuse)
 *(.efuse)

.lock
 *(.lock*)

.signature
 *(.signature*)

.stab           0x00000000     0x9954
 *(.stab)
 .stab          0x00000000      0x8a0 ./FreeRTOS/Src/PollQ.o
 .stab          0x000008a0      0x894 ./FreeRTOS/Src/croutine.o
                                0xbc4 (size before relaxing)
 .stab          0x00001134      0xc54 ./FreeRTOS/Src/event_groups.o
                               0x1014 (size before relaxing)
 .stab          0x00001d88      0x30c ./FreeRTOS/Src/heap_1.o
                                0x6cc (size before relaxing)
 .stab          0x00002094      0x3a8 ./FreeRTOS/Src/integer.o
                                0x768 (size before relaxing)
 .stab          0x0000243c      0x474 ./FreeRTOS/Src/list.o
                                0x780 (size before relaxing)
 .stab          0x000028b0      0x840 ./FreeRTOS/Src/port.o
                                0xbf4 (size before relaxing)
 .stab          0x000030f0     0x19b0 ./FreeRTOS/Src/queue.o
                               0x1ddc (size before relaxing)
 .stab          0x00004aa0     0x1c68 ./FreeRTOS/Src/tasks.o
                               0x2058 (size before relaxing)
 .stab          0x00006708      0x2c4 ./Drivers/src/ADC.o
                                0x480 (size before relaxing)
 .stab          0x000069cc      0x57c ./Drivers/src/BasicIO.o
                                0x7bc (size before relaxing)
 .stab          0x00006f48      0x318 ./Drivers/src/Ext_int.o
                                0x594 (size before relaxing)
 .stab          0x00007260      0x984 ./Drivers/src/LCD.o
                                0xc18 (size before relaxing)
 .stab          0x00007be4      0x234 ./Drivers/src/SPI.o
                                0x474 (size before relaxing)
 .stab          0x00007e18      0x480 ./Drivers/src/TWI.o
                                0x6c0 (size before relaxing)
 .stab          0x00008298      0x330 ./Drivers/src/keypad.o
                                0x570 (size before relaxing)
 .stab          0x000085c8      0x2c4 ./Drivers/src/seg.o
                                0x504 (size before relaxing)
 .stab          0x0000888c      0x618 ./Drivers/src/timer.o
                                0x858 (size before relaxing)
 .stab          0x00008ea4      0x3b4 ./Drivers/src/uart.o
                                0x5f4 (size before relaxing)
 .stab          0x00009258      0x6fc ./App/app.o
                                0xc30 (size before relaxing)

.stabstr        0x00000000     0x495a
 *(.stabstr)
 .stabstr       0x00000000     0x495a ./FreeRTOS/Src/PollQ.o

.stab.excl
 *(.stab.excl)

.stab.exclstr
 *(.stab.exclstr)

.stab.index
 *(.stab.index)

.stab.indexstr
 *(.stab.indexstr)

.comment
 *(.comment)

.debug
 *(.debug)

.line
 *(.line)

.debug_srcinfo
 *(.debug_srcinfo)

.debug_sfnames
 *(.debug_sfnames)

.debug_aranges  0x00000000      0x1c0
 *(.debug_aranges)
 .debug_aranges
                0x00000000       0x20 d:/iti/tools/imt_sdk/imt_sdk_win_64/winavr/bin/../lib/gcc/avr/4.3.3/avr5\libgcc.a(_fixunssfsi.o)
 .debug_aranges
                0x00000020       0x20 d:/iti/tools/imt_sdk/imt_sdk_win_64/winavr/bin/../lib/gcc/avr/4.3.3/avr5\libgcc.a(_addsub_sf.o)
 .debug_aranges
                0x00000040       0x20 d:/iti/tools/imt_sdk/imt_sdk_win_64/winavr/bin/../lib/gcc/avr/4.3.3/avr5\libgcc.a(_mul_sf.o)
 .debug_aranges
                0x00000060       0x20 d:/iti/tools/imt_sdk/imt_sdk_win_64/winavr/bin/../lib/gcc/avr/4.3.3/avr5\libgcc.a(_div_sf.o)
 .debug_aranges
                0x00000080       0x20 d:/iti/tools/imt_sdk/imt_sdk_win_64/winavr/bin/../lib/gcc/avr/4.3.3/avr5\libgcc.a(_gt_sf.o)
 .debug_aranges
                0x000000a0       0x20 d:/iti/tools/imt_sdk/imt_sdk_win_64/winavr/bin/../lib/gcc/avr/4.3.3/avr5\libgcc.a(_ge_sf.o)
 .debug_aranges
                0x000000c0       0x20 d:/iti/tools/imt_sdk/imt_sdk_win_64/winavr/bin/../lib/gcc/avr/4.3.3/avr5\libgcc.a(_lt_sf.o)
 .debug_aranges
                0x000000e0       0x20 d:/iti/tools/imt_sdk/imt_sdk_win_64/winavr/bin/../lib/gcc/avr/4.3.3/avr5\libgcc.a(_le_sf.o)
 .debug_aranges
                0x00000100       0x20 d:/iti/tools/imt_sdk/imt_sdk_win_64/winavr/bin/../lib/gcc/avr/4.3.3/avr5\libgcc.a(_si_to_sf.o)
 .debug_aranges
                0x00000120       0x20 d:/iti/tools/imt_sdk/imt_sdk_win_64/winavr/bin/../lib/gcc/avr/4.3.3/avr5\libgcc.a(_sf_to_si.o)
 .debug_aranges
                0x00000140       0x20 d:/iti/tools/imt_sdk/imt_sdk_win_64/winavr/bin/../lib/gcc/avr/4.3.3/avr5\libgcc.a(_clzsi2.o)
 .debug_aranges
                0x00000160       0x20 d:/iti/tools/imt_sdk/imt_sdk_win_64/winavr/bin/../lib/gcc/avr/4.3.3/avr5\libgcc.a(_pack_sf.o)
 .debug_aranges
                0x00000180       0x20 d:/iti/tools/imt_sdk/imt_sdk_win_64/winavr/bin/../lib/gcc/avr/4.3.3/avr5\libgcc.a(_unpack_sf.o)
 .debug_aranges
                0x000001a0       0x20 d:/iti/tools/imt_sdk/imt_sdk_win_64/winavr/bin/../lib/gcc/avr/4.3.3/avr5\libgcc.a(_fpcmp_parts_sf.o)

.debug_pubnames
                0x00000000      0x20e
 *(.debug_pubnames)
 .debug_pubnames
                0x00000000       0x23 d:/iti/tools/imt_sdk/imt_sdk_win_64/winavr/bin/../lib/gcc/avr/4.3.3/avr5\libgcc.a(_fixunssfsi.o)
 .debug_pubnames
                0x00000023       0x2c d:/iti/tools/imt_sdk/imt_sdk_win_64/winavr/bin/../lib/gcc/avr/4.3.3/avr5\libgcc.a(_addsub_sf.o)
 .debug_pubnames
                0x0000004f       0x1f d:/iti/tools/imt_sdk/imt_sdk_win_64/winavr/bin/../lib/gcc/avr/4.3.3/avr5\libgcc.a(_mul_sf.o)
 .debug_pubnames
                0x0000006e       0x1f d:/iti/tools/imt_sdk/imt_sdk_win_64/winavr/bin/../lib/gcc/avr/4.3.3/avr5\libgcc.a(_div_sf.o)
 .debug_pubnames
                0x0000008d       0x1e d:/iti/tools/imt_sdk/imt_sdk_win_64/winavr/bin/../lib/gcc/avr/4.3.3/avr5\libgcc.a(_gt_sf.o)
 .debug_pubnames
                0x000000ab       0x1e d:/iti/tools/imt_sdk/imt_sdk_win_64/winavr/bin/../lib/gcc/avr/4.3.3/avr5\libgcc.a(_ge_sf.o)
 .debug_pubnames
                0x000000c9       0x1e d:/iti/tools/imt_sdk/imt_sdk_win_64/winavr/bin/../lib/gcc/avr/4.3.3/avr5\libgcc.a(_lt_sf.o)
 .debug_pubnames
                0x000000e7       0x1e d:/iti/tools/imt_sdk/imt_sdk_win_64/winavr/bin/../lib/gcc/avr/4.3.3/avr5\libgcc.a(_le_sf.o)
 .debug_pubnames
                0x00000105       0x22 d:/iti/tools/imt_sdk/imt_sdk_win_64/winavr/bin/../lib/gcc/avr/4.3.3/avr5\libgcc.a(_si_to_sf.o)
 .debug_pubnames
                0x00000127       0x20 d:/iti/tools/imt_sdk/imt_sdk_win_64/winavr/bin/../lib/gcc/avr/4.3.3/avr5\libgcc.a(_sf_to_si.o)
 .debug_pubnames
                0x00000147       0x22 d:/iti/tools/imt_sdk/imt_sdk_win_64/winavr/bin/../lib/gcc/avr/4.3.3/avr5\libgcc.a(_thenan_sf.o)
 .debug_pubnames
                0x00000169       0x1f d:/iti/tools/imt_sdk/imt_sdk_win_64/winavr/bin/../lib/gcc/avr/4.3.3/avr5\libgcc.a(_clzsi2.o)
 .debug_pubnames
                0x00000188       0x1f d:/iti/tools/imt_sdk/imt_sdk_win_64/winavr/bin/../lib/gcc/avr/4.3.3/avr5\libgcc.a(_pack_sf.o)
 .debug_pubnames
                0x000001a7       0x21 d:/iti/tools/imt_sdk/imt_sdk_win_64/winavr/bin/../lib/gcc/avr/4.3.3/avr5\libgcc.a(_unpack_sf.o)
 .debug_pubnames
                0x000001c8       0x26 d:/iti/tools/imt_sdk/imt_sdk_win_64/winavr/bin/../lib/gcc/avr/4.3.3/avr5\libgcc.a(_fpcmp_parts_sf.o)
 .debug_pubnames
                0x000001ee       0x20 d:/iti/tools/imt_sdk/imt_sdk_win_64/winavr/bin/../lib/gcc/avr/4.3.3/avr5\libgcc.a(_clz.o)

.debug_info     0x00000000     0x268b
 *(.debug_info)
 .debug_info    0x00000000       0xb1 d:/iti/tools/imt_sdk/imt_sdk_win_64/winavr/bin/../lib/gcc/avr/4.3.3/avr5\libgcc.a(_fixunssfsi.o)
 .debug_info    0x000000b1      0x47a d:/iti/tools/imt_sdk/imt_sdk_win_64/winavr/bin/../lib/gcc/avr/4.3.3/avr5\libgcc.a(_addsub_sf.o)
 .debug_info    0x0000052b      0x485 d:/iti/tools/imt_sdk/imt_sdk_win_64/winavr/bin/../lib/gcc/avr/4.3.3/avr5\libgcc.a(_mul_sf.o)
 .debug_info    0x000009b0      0x3fc d:/iti/tools/imt_sdk/imt_sdk_win_64/winavr/bin/../lib/gcc/avr/4.3.3/avr5\libgcc.a(_div_sf.o)
 .debug_info    0x00000dac      0x27f d:/iti/tools/imt_sdk/imt_sdk_win_64/winavr/bin/../lib/gcc/avr/4.3.3/avr5\libgcc.a(_gt_sf.o)
 .debug_info    0x0000102b      0x27f d:/iti/tools/imt_sdk/imt_sdk_win_64/winavr/bin/../lib/gcc/avr/4.3.3/avr5\libgcc.a(_ge_sf.o)
 .debug_info    0x000012aa      0x27f d:/iti/tools/imt_sdk/imt_sdk_win_64/winavr/bin/../lib/gcc/avr/4.3.3/avr5\libgcc.a(_lt_sf.o)
 .debug_info    0x00001529      0x27f d:/iti/tools/imt_sdk/imt_sdk_win_64/winavr/bin/../lib/gcc/avr/4.3.3/avr5\libgcc.a(_le_sf.o)
 .debug_info    0x000017a8      0x207 d:/iti/tools/imt_sdk/imt_sdk_win_64/winavr/bin/../lib/gcc/avr/4.3.3/avr5\libgcc.a(_si_to_sf.o)
 .debug_info    0x000019af      0x2b0 d:/iti/tools/imt_sdk/imt_sdk_win_64/winavr/bin/../lib/gcc/avr/4.3.3/avr5\libgcc.a(_sf_to_si.o)
 .debug_info    0x00001c5f      0x12c d:/iti/tools/imt_sdk/imt_sdk_win_64/winavr/bin/../lib/gcc/avr/4.3.3/avr5\libgcc.a(_thenan_sf.o)
 .debug_info    0x00001d8b      0x117 d:/iti/tools/imt_sdk/imt_sdk_win_64/winavr/bin/../lib/gcc/avr/4.3.3/avr5\libgcc.a(_clzsi2.o)
 .debug_info    0x00001ea2      0x2df d:/iti/tools/imt_sdk/imt_sdk_win_64/winavr/bin/../lib/gcc/avr/4.3.3/avr5\libgcc.a(_pack_sf.o)
 .debug_info    0x00002181      0x251 d:/iti/tools/imt_sdk/imt_sdk_win_64/winavr/bin/../lib/gcc/avr/4.3.3/avr5\libgcc.a(_unpack_sf.o)
 .debug_info    0x000023d2      0x210 d:/iti/tools/imt_sdk/imt_sdk_win_64/winavr/bin/../lib/gcc/avr/4.3.3/avr5\libgcc.a(_fpcmp_parts_sf.o)
 .debug_info    0x000025e2       0xa9 d:/iti/tools/imt_sdk/imt_sdk_win_64/winavr/bin/../lib/gcc/avr/4.3.3/avr5\libgcc.a(_clz.o)
 *(.gnu.linkonce.wi.*)

.debug_abbrev   0x00000000     0x14d1
 *(.debug_abbrev)
 .debug_abbrev  0x00000000       0x5d d:/iti/tools/imt_sdk/imt_sdk_win_64/winavr/bin/../lib/gcc/avr/4.3.3/avr5\libgcc.a(_fixunssfsi.o)
 .debug_abbrev  0x0000005d      0x1ea d:/iti/tools/imt_sdk/imt_sdk_win_64/winavr/bin/../lib/gcc/avr/4.3.3/avr5\libgcc.a(_addsub_sf.o)
 .debug_abbrev  0x00000247      0x21b d:/iti/tools/imt_sdk/imt_sdk_win_64/winavr/bin/../lib/gcc/avr/4.3.3/avr5\libgcc.a(_mul_sf.o)
 .debug_abbrev  0x00000462      0x216 d:/iti/tools/imt_sdk/imt_sdk_win_64/winavr/bin/../lib/gcc/avr/4.3.3/avr5\libgcc.a(_div_sf.o)
 .debug_abbrev  0x00000678      0x15a d:/iti/tools/imt_sdk/imt_sdk_win_64/winavr/bin/../lib/gcc/avr/4.3.3/avr5\libgcc.a(_gt_sf.o)
 .debug_abbrev  0x000007d2      0x15a d:/iti/tools/imt_sdk/imt_sdk_win_64/winavr/bin/../lib/gcc/avr/4.3.3/avr5\libgcc.a(_ge_sf.o)
 .debug_abbrev  0x0000092c      0x15a d:/iti/tools/imt_sdk/imt_sdk_win_64/winavr/bin/../lib/gcc/avr/4.3.3/avr5\libgcc.a(_lt_sf.o)
 .debug_abbrev  0x00000a86      0x15a d:/iti/tools/imt_sdk/imt_sdk_win_64/winavr/bin/../lib/gcc/avr/4.3.3/avr5\libgcc.a(_le_sf.o)
 .debug_abbrev  0x00000be0      0x148 d:/iti/tools/imt_sdk/imt_sdk_win_64/winavr/bin/../lib/gcc/avr/4.3.3/avr5\libgcc.a(_si_to_sf.o)
 .debug_abbrev  0x00000d28      0x17f d:/iti/tools/imt_sdk/imt_sdk_win_64/winavr/bin/../lib/gcc/avr/4.3.3/avr5\libgcc.a(_sf_to_si.o)
 .debug_abbrev  0x00000ea7       0xad d:/iti/tools/imt_sdk/imt_sdk_win_64/winavr/bin/../lib/gcc/avr/4.3.3/avr5\libgcc.a(_thenan_sf.o)
 .debug_abbrev  0x00000f54       0xc4 d:/iti/tools/imt_sdk/imt_sdk_win_64/winavr/bin/../lib/gcc/avr/4.3.3/avr5\libgcc.a(_clzsi2.o)
 .debug_abbrev  0x00001018      0x1c0 d:/iti/tools/imt_sdk/imt_sdk_win_64/winavr/bin/../lib/gcc/avr/4.3.3/avr5\libgcc.a(_pack_sf.o)
 .debug_abbrev  0x000011d8      0x154 d:/iti/tools/imt_sdk/imt_sdk_win_64/winavr/bin/../lib/gcc/avr/4.3.3/avr5\libgcc.a(_unpack_sf.o)
 .debug_abbrev  0x0000132c      0x13b d:/iti/tools/imt_sdk/imt_sdk_win_64/winavr/bin/../lib/gcc/avr/4.3.3/avr5\libgcc.a(_fpcmp_parts_sf.o)
 .debug_abbrev  0x00001467       0x6a d:/iti/tools/imt_sdk/imt_sdk_win_64/winavr/bin/../lib/gcc/avr/4.3.3/avr5\libgcc.a(_clz.o)

.debug_line     0x00000000     0x12ab
 *(.debug_line)
 .debug_line    0x00000000       0xa7 d:/iti/tools/imt_sdk/imt_sdk_win_64/winavr/bin/../lib/gcc/avr/4.3.3/avr5\libgcc.a(_fixunssfsi.o)
 .debug_line    0x000000a7      0x2af d:/iti/tools/imt_sdk/imt_sdk_win_64/winavr/bin/../lib/gcc/avr/4.3.3/avr5\libgcc.a(_addsub_sf.o)
 .debug_line    0x00000356      0x239 d:/iti/tools/imt_sdk/imt_sdk_win_64/winavr/bin/../lib/gcc/avr/4.3.3/avr5\libgcc.a(_mul_sf.o)
 .debug_line    0x0000058f      0x1d5 d:/iti/tools/imt_sdk/imt_sdk_win_64/winavr/bin/../lib/gcc/avr/4.3.3/avr5\libgcc.a(_div_sf.o)
 .debug_line    0x00000764       0xd3 d:/iti/tools/imt_sdk/imt_sdk_win_64/winavr/bin/../lib/gcc/avr/4.3.3/avr5\libgcc.a(_gt_sf.o)
 .debug_line    0x00000837       0xd3 d:/iti/tools/imt_sdk/imt_sdk_win_64/winavr/bin/../lib/gcc/avr/4.3.3/avr5\libgcc.a(_ge_sf.o)
 .debug_line    0x0000090a       0xd3 d:/iti/tools/imt_sdk/imt_sdk_win_64/winavr/bin/../lib/gcc/avr/4.3.3/avr5\libgcc.a(_lt_sf.o)
 .debug_line    0x000009dd       0xd3 d:/iti/tools/imt_sdk/imt_sdk_win_64/winavr/bin/../lib/gcc/avr/4.3.3/avr5\libgcc.a(_le_sf.o)
 .debug_line    0x00000ab0      0x135 d:/iti/tools/imt_sdk/imt_sdk_win_64/winavr/bin/../lib/gcc/avr/4.3.3/avr5\libgcc.a(_si_to_sf.o)
 .debug_line    0x00000be5      0x109 d:/iti/tools/imt_sdk/imt_sdk_win_64/winavr/bin/../lib/gcc/avr/4.3.3/avr5\libgcc.a(_sf_to_si.o)
 .debug_line    0x00000cee       0x90 d:/iti/tools/imt_sdk/imt_sdk_win_64/winavr/bin/../lib/gcc/avr/4.3.3/avr5\libgcc.a(_thenan_sf.o)
 .debug_line    0x00000d7e       0xa5 d:/iti/tools/imt_sdk/imt_sdk_win_64/winavr/bin/../lib/gcc/avr/4.3.3/avr5\libgcc.a(_clzsi2.o)
 .debug_line    0x00000e23      0x18a d:/iti/tools/imt_sdk/imt_sdk_win_64/winavr/bin/../lib/gcc/avr/4.3.3/avr5\libgcc.a(_pack_sf.o)
 .debug_line    0x00000fad      0x14b d:/iti/tools/imt_sdk/imt_sdk_win_64/winavr/bin/../lib/gcc/avr/4.3.3/avr5\libgcc.a(_unpack_sf.o)
 .debug_line    0x000010f8      0x137 d:/iti/tools/imt_sdk/imt_sdk_win_64/winavr/bin/../lib/gcc/avr/4.3.3/avr5\libgcc.a(_fpcmp_parts_sf.o)
 .debug_line    0x0000122f       0x7c d:/iti/tools/imt_sdk/imt_sdk_win_64/winavr/bin/../lib/gcc/avr/4.3.3/avr5\libgcc.a(_clz.o)

.debug_frame    0x00000000      0x1e0
 *(.debug_frame)
 .debug_frame   0x00000000       0x20 d:/iti/tools/imt_sdk/imt_sdk_win_64/winavr/bin/../lib/gcc/avr/4.3.3/avr5\libgcc.a(_fixunssfsi.o)
 .debug_frame   0x00000020       0x40 d:/iti/tools/imt_sdk/imt_sdk_win_64/winavr/bin/../lib/gcc/avr/4.3.3/avr5\libgcc.a(_addsub_sf.o)
 .debug_frame   0x00000060       0x20 d:/iti/tools/imt_sdk/imt_sdk_win_64/winavr/bin/../lib/gcc/avr/4.3.3/avr5\libgcc.a(_mul_sf.o)
 .debug_frame   0x00000080       0x20 d:/iti/tools/imt_sdk/imt_sdk_win_64/winavr/bin/../lib/gcc/avr/4.3.3/avr5\libgcc.a(_div_sf.o)
 .debug_frame   0x000000a0       0x20 d:/iti/tools/imt_sdk/imt_sdk_win_64/winavr/bin/../lib/gcc/avr/4.3.3/avr5\libgcc.a(_gt_sf.o)
 .debug_frame   0x000000c0       0x20 d:/iti/tools/imt_sdk/imt_sdk_win_64/winavr/bin/../lib/gcc/avr/4.3.3/avr5\libgcc.a(_ge_sf.o)
 .debug_frame   0x000000e0       0x20 d:/iti/tools/imt_sdk/imt_sdk_win_64/winavr/bin/../lib/gcc/avr/4.3.3/avr5\libgcc.a(_lt_sf.o)
 .debug_frame   0x00000100       0x20 d:/iti/tools/imt_sdk/imt_sdk_win_64/winavr/bin/../lib/gcc/avr/4.3.3/avr5\libgcc.a(_le_sf.o)
 .debug_frame   0x00000120       0x20 d:/iti/tools/imt_sdk/imt_sdk_win_64/winavr/bin/../lib/gcc/avr/4.3.3/avr5\libgcc.a(_si_to_sf.o)
 .debug_frame   0x00000140       0x20 d:/iti/tools/imt_sdk/imt_sdk_win_64/winavr/bin/../lib/gcc/avr/4.3.3/avr5\libgcc.a(_sf_to_si.o)
 .debug_frame   0x00000160       0x20 d:/iti/tools/imt_sdk/imt_sdk_win_64/winavr/bin/../lib/gcc/avr/4.3.3/avr5\libgcc.a(_clzsi2.o)
 .debug_frame   0x00000180       0x20 d:/iti/tools/imt_sdk/imt_sdk_win_64/winavr/bin/../lib/gcc/avr/4.3.3/avr5\libgcc.a(_pack_sf.o)
 .debug_frame   0x000001a0       0x20 d:/iti/tools/imt_sdk/imt_sdk_win_64/winavr/bin/../lib/gcc/avr/4.3.3/avr5\libgcc.a(_unpack_sf.o)
 .debug_frame   0x000001c0       0x20 d:/iti/tools/imt_sdk/imt_sdk_win_64/winavr/bin/../lib/gcc/avr/4.3.3/avr5\libgcc.a(_fpcmp_parts_sf.o)

.debug_str      0x00000000      0x2fb
 *(.debug_str)
 .debug_str     0x00000000       0xbf d:/iti/tools/imt_sdk/imt_sdk_win_64/winavr/bin/../lib/gcc/avr/4.3.3/avr5\libgcc.a(_fixunssfsi.o)
                                 0xfe (size before relaxing)
 .debug_str     0x000000bf      0x14d d:/iti/tools/imt_sdk/imt_sdk_win_64/winavr/bin/../lib/gcc/avr/4.3.3/avr5\libgcc.a(_addsub_sf.o)
                                0x206 (size before relaxing)
 .debug_str     0x0000020c       0x27 d:/iti/tools/imt_sdk/imt_sdk_win_64/winavr/bin/../lib/gcc/avr/4.3.3/avr5\libgcc.a(_mul_sf.o)
                                0x1bf (size before relaxing)
 .debug_str     0x00000233       0x35 d:/iti/tools/imt_sdk/imt_sdk_win_64/winavr/bin/../lib/gcc/avr/4.3.3/avr5\libgcc.a(_div_sf.o)
                                0x1c8 (size before relaxing)
 .debug_str     0x00000268        0x8 d:/iti/tools/imt_sdk/imt_sdk_win_64/winavr/bin/../lib/gcc/avr/4.3.3/avr5\libgcc.a(_gt_sf.o)
                                0x195 (size before relaxing)
 .debug_str     0x00000270        0x8 d:/iti/tools/imt_sdk/imt_sdk_win_64/winavr/bin/../lib/gcc/avr/4.3.3/avr5\libgcc.a(_ge_sf.o)
                                0x195 (size before relaxing)
 .debug_str     0x00000278        0x8 d:/iti/tools/imt_sdk/imt_sdk_win_64/winavr/bin/../lib/gcc/avr/4.3.3/avr5\libgcc.a(_lt_sf.o)
                                0x195 (size before relaxing)
 .debug_str     0x00000280        0x8 d:/iti/tools/imt_sdk/imt_sdk_win_64/winavr/bin/../lib/gcc/avr/4.3.3/avr5\libgcc.a(_le_sf.o)
                                0x195 (size before relaxing)
 .debug_str     0x00000288       0x1e d:/iti/tools/imt_sdk/imt_sdk_win_64/winavr/bin/../lib/gcc/avr/4.3.3/avr5\libgcc.a(_si_to_sf.o)
                                0x17b (size before relaxing)
 .debug_str     0x000002a6        0xa d:/iti/tools/imt_sdk/imt_sdk_win_64/winavr/bin/../lib/gcc/avr/4.3.3/avr5\libgcc.a(_sf_to_si.o)
                                0x19e (size before relaxing)
 .debug_str     0x00000000      0x103 d:/iti/tools/imt_sdk/imt_sdk_win_64/winavr/bin/../lib/gcc/avr/4.3.3/avr5\libgcc.a(_thenan_sf.o)
 .debug_str     0x000002b0       0x20 d:/iti/tools/imt_sdk/imt_sdk_win_64/winavr/bin/../lib/gcc/avr/4.3.3/avr5\libgcc.a(_clzsi2.o)
                                0x111 (size before relaxing)
 .debug_str     0x000002d0       0x10 d:/iti/tools/imt_sdk/imt_sdk_win_64/winavr/bin/../lib/gcc/avr/4.3.3/avr5\libgcc.a(_pack_sf.o)
                                0x19d (size before relaxing)
 .debug_str     0x000002e0        0xb d:/iti/tools/imt_sdk/imt_sdk_win_64/winavr/bin/../lib/gcc/avr/4.3.3/avr5\libgcc.a(_unpack_sf.o)
                                0x17f (size before relaxing)
 .debug_str     0x000002eb       0x10 d:/iti/tools/imt_sdk/imt_sdk_win_64/winavr/bin/../lib/gcc/avr/4.3.3/avr5\libgcc.a(_fpcmp_parts_sf.o)
                                0x163 (size before relaxing)
 .debug_str     0x00000000       0xf4 d:/iti/tools/imt_sdk/imt_sdk_win_64/winavr/bin/../lib/gcc/avr/4.3.3/avr5\libgcc.a(_clz.o)

.debug_loc      0x00000000      0xa0a
 *(.debug_loc)
 .debug_loc     0x00000000       0x34 d:/iti/tools/imt_sdk/imt_sdk_win_64/winavr/bin/../lib/gcc/avr/4.3.3/avr5\libgcc.a(_fixunssfsi.o)
 .debug_loc     0x00000034      0x32a d:/iti/tools/imt_sdk/imt_sdk_win_64/winavr/bin/../lib/gcc/avr/4.3.3/avr5\libgcc.a(_addsub_sf.o)
 .debug_loc     0x0000035e      0x104 d:/iti/tools/imt_sdk/imt_sdk_win_64/winavr/bin/../lib/gcc/avr/4.3.3/avr5\libgcc.a(_mul_sf.o)
 .debug_loc     0x00000462       0xc0 d:/iti/tools/imt_sdk/imt_sdk_win_64/winavr/bin/../lib/gcc/avr/4.3.3/avr5\libgcc.a(_div_sf.o)
 .debug_loc     0x00000522       0x3c d:/iti/tools/imt_sdk/imt_sdk_win_64/winavr/bin/../lib/gcc/avr/4.3.3/avr5\libgcc.a(_gt_sf.o)
 .debug_loc     0x0000055e       0x3c d:/iti/tools/imt_sdk/imt_sdk_win_64/winavr/bin/../lib/gcc/avr/4.3.3/avr5\libgcc.a(_ge_sf.o)
 .debug_loc     0x0000059a       0x3c d:/iti/tools/imt_sdk/imt_sdk_win_64/winavr/bin/../lib/gcc/avr/4.3.3/avr5\libgcc.a(_lt_sf.o)
 .debug_loc     0x000005d6       0x3c d:/iti/tools/imt_sdk/imt_sdk_win_64/winavr/bin/../lib/gcc/avr/4.3.3/avr5\libgcc.a(_le_sf.o)
 .debug_loc     0x00000612       0xac d:/iti/tools/imt_sdk/imt_sdk_win_64/winavr/bin/../lib/gcc/avr/4.3.3/avr5\libgcc.a(_si_to_sf.o)
 .debug_loc     0x000006be       0x7e d:/iti/tools/imt_sdk/imt_sdk_win_64/winavr/bin/../lib/gcc/avr/4.3.3/avr5\libgcc.a(_sf_to_si.o)
 .debug_loc     0x0000073c       0x94 d:/iti/tools/imt_sdk/imt_sdk_win_64/winavr/bin/../lib/gcc/avr/4.3.3/avr5\libgcc.a(_clzsi2.o)
 .debug_loc     0x000007d0      0x13e d:/iti/tools/imt_sdk/imt_sdk_win_64/winavr/bin/../lib/gcc/avr/4.3.3/avr5\libgcc.a(_pack_sf.o)
 .debug_loc     0x0000090e       0xac d:/iti/tools/imt_sdk/imt_sdk_win_64/winavr/bin/../lib/gcc/avr/4.3.3/avr5\libgcc.a(_unpack_sf.o)
 .debug_loc     0x000009ba       0x50 d:/iti/tools/imt_sdk/imt_sdk_win_64/winavr/bin/../lib/gcc/avr/4.3.3/avr5\libgcc.a(_fpcmp_parts_sf.o)

.debug_macinfo
 *(.debug_macinfo)
OUTPUT(RTOS_APP_31_3.elf elf32-avr)
LOAD linker stubs

.debug_ranges   0x00000000       0x50
 .debug_ranges  0x00000000       0x50 d:/iti/tools/imt_sdk/imt_sdk_win_64/winavr/bin/../lib/gcc/avr/4.3.3/avr5\libgcc.a(_mul_sf.o)
